Component: Arm Compiler for Embedded 6.21 Tool: armlink [5ec1fa00]

==============================================================================

Section Cross References

    adc.o(.text._ZN3AdcC2Ev) refers to bit.o(.text._ZN3BitC2Ev) for Bit::Bit__sub_object()
    adc.o(.text._ZN3AdcC2Ev) refers to pin.o(.rodata._ZTV3Pin) for vtable for Pin
    adc.o(.ARM.exidx.text._ZN3AdcC2Ev) refers to adc.o(.text._ZN3AdcC2Ev) for [Anonymous Symbol]
    adc.o(.text._ZN3Adc6SetAdcEh) refers to pin.o(.text._Z5PCLK2v) for PCLK2()
    adc.o(.text._ZN3Adc6SetAdcEh) refers to dflt_clz.o(x$fpl$dfltu) for __aeabi_ui2d
    adc.o(.text._ZN3Adc6SetAdcEh) refers to dmul.o(x$fpl$dmul) for __aeabi_dmul
    adc.o(.text._ZN3Adc6SetAdcEh) refers to dcmp.o(x$fpl$fcmp) for __aeabi_dcmple
    adc.o(.text._ZN3Adc6SetAdcEh) refers to ddiv.o(x$fpl$ddiv) for __aeabi_ddiv
    adc.o(.ARM.exidx.text._ZN3Adc6SetAdcEh) refers to adc.o(.text._ZN3Adc6SetAdcEh) for [Anonymous Symbol]
    adc.o(.ARM.exidx.text._ZN3Adc12RegularGroupEiiiiiiiiiiiiiiii) refers to adc.o(.text._ZN3Adc12RegularGroupEiiiiiiiiiiiiiiii) for [Anonymous Symbol]
    adc.o(.ARM.exidx.text._ZN3Adc13InjectedGroupEiiii) refers to adc.o(.text._ZN3Adc13InjectedGroupEiiii) for [Anonymous Symbol]
    adc.o(.text._ZN3Adc10AnalogoPinEiiiiiiiiiiiiiiii) refers to pin.o(.text._ZN3Pin7AnalogoEh) for Pin::Analogo(unsigned char)
    adc.o(.ARM.exidx.text._ZN3Adc10AnalogoPinEiiiiiiiiiiiiiiii) refers to adc.o(.text._ZN3Adc10AnalogoPinEiiiiiiiiiiiiiiii) for [Anonymous Symbol]
    adc.o(.ARM.exidx.text._ZN3Adc15GetRegularCanalEh) refers to adc.o(.text._ZN3Adc15GetRegularCanalEh) for [Anonymous Symbol]
    adc.o(.ARM.exidx.text._ZN3Adc14GetRegularDataEv) refers to adc.o(.text._ZN3Adc14GetRegularDataEv) for [Anonymous Symbol]
    adc.o(.ARM.exidx.text._ZN3Adc14GetRegularDataERt) refers to adc.o(.text._ZN3Adc14GetRegularDataERt) for [Anonymous Symbol]
    adc.o(.ARM.exidx.text._ZN3Adc15GetInjectedDataERtS0_S0_S0_) refers to adc.o(.text._ZN3Adc15GetInjectedDataERtS0_S0_S0_) for [Anonymous Symbol]
    adc.o(.ARM.exidx.text._ZN3Adc15GetInjectedDataERtS0_S0_) refers to adc.o(.text._ZN3Adc15GetInjectedDataERtS0_S0_) for [Anonymous Symbol]
    adc.o(.ARM.exidx.text._ZN3Adc15GetInjectedDataERtS0_) refers to adc.o(.text._ZN3Adc15GetInjectedDataERtS0_) for [Anonymous Symbol]
    adc.o(.ARM.exidx.text._ZN3Adc15GetInjectedDataERt) refers to adc.o(.text._ZN3Adc15GetInjectedDataERt) for [Anonymous Symbol]
    adc.o(.ARM.exidx.text._ZN3Adc15GetInjectedDataEv) refers to adc.o(.text._ZN3Adc15GetInjectedDataEv) for [Anonymous Symbol]
    adc.o(.ARM.exidx.text._ZN3Adc19GetRegularApuntadorEv) refers to adc.o(.text._ZN3Adc19GetRegularApuntadorEv) for [Anonymous Symbol]
    adc.o(.ARM.exidx.text._ZN3Adc20GetInjectedApuntadorEi) refers to adc.o(.text._ZN3Adc20GetInjectedApuntadorEi) for [Anonymous Symbol]
    adc.o(.ARM.exidx.text._ZN3Adc3DmaEb) refers to adc.o(.text._ZN3Adc3DmaEb) for [Anonymous Symbol]
    adc.o(.text._Z10GetAnalogoh) refers to bit.o(.text._ZN3BitC2Ev) for Bit::Bit__sub_object()
    adc.o(.text._Z10GetAnalogoh) refers to pin.o(.rodata._ZTV3Pin) for vtable for Pin
    adc.o(.text._Z10GetAnalogoh) refers to adc.o(.text._ZN3Adc6SetAdcEh) for Adc::SetAdc(unsigned char)
    adc.o(.text._Z10GetAnalogoh) refers to pin.o(.text._ZN3Pin7AnalogoEh) for Pin::Analogo(unsigned char)
    adc.o(.ARM.exidx.text._Z10GetAnalogoh) refers to adc.o(.text._Z10GetAnalogoh) for [Anonymous Symbol]
    bus.o(.text._ZN3BusC2Ev) refers to bus.o(.rodata._ZTV3Bus) for vtable for Bus
    bus.o(.ARM.exidx.text._ZN3BusC2Ev) refers to bus.o(.text._ZN3BusC2Ev) for [Anonymous Symbol]
    bus.o(.text._ZN3BusD2Ev) refers to bus.o(.rodata._ZTV3Bus) for vtable for Bus
    bus.o(.text._ZN3BusD2Ev) refers to new.cpp.o(.text._ZdlPv) for operator delete(void*)
    bus.o(.ARM.exidx.text._ZN3BusD2Ev) refers to bus.o(.text._ZN3BusD2Ev) for [Anonymous Symbol]
    bus.o(.ARM.exidx.text._ZN3Bus7GetBitsEv) refers to bus.o(.text._ZN3Bus7GetBitsEv) for [Anonymous Symbol]
    bus.o(.text._ZN3Bus7SetBitsEh) refers to new.cpp.o(.text._Znaj) for operator new[](unsigned int)
    bus.o(.ARM.exidx.text._ZN3Bus7SetBitsEh) refers to bus.o(.text._ZN3Bus7SetBitsEh) for [Anonymous Symbol]
    bus.o(.ARM.exidx.text._ZN3Bus6SetBusEt) refers to bus.o(.text._ZN3Bus6SetBusEt) for [Anonymous Symbol]
    bus.o(.ARM.exidx.text._ZN3Bus6GetBusEv) refers to bus.o(.text._ZN3Bus6GetBusEv) for [Anonymous Symbol]
    bus.o(.ARM.exidx.text._ZN3Bus6GetBitEh) refers to bus.o(.text._ZN3Bus6GetBitEh) for [Anonymous Symbol]
    bus.o(.ARM.exidx.text._ZN3Bus6SetBitEhb) refers to bus.o(.text._ZN3Bus6SetBitEhb) for [Anonymous Symbol]
    bus.o(.ARM.exidx.text._ZN3BusaSEt) refers to bus.o(.text._ZN3BusaSEt) for [Anonymous Symbol]
    bus.o(.ARM.exidx.text._ZN3BusaSEh) refers to bus.o(.text._ZN3BusaSEh) for [Anonymous Symbol]
    bus.o(.ARM.exidx.text._ZN3BuscoEv) refers to bus.o(.text._ZN3BuscoEv) for [Anonymous Symbol]
[...]
    osThreadCreate                           0x080051f1   Thumb Code    36  rt_cmsis.o(i.osThreadCreate)
    osThreadExit                             0x0800521d   Thumb Code    14  rt_cmsis.o(i.osThreadExit)
    osTimerCall                              0x08005235   Thumb Code     8  rt_cmsis.o(i.osTimerCall)
    osTimerThread                            0x08005241   Thumb Code    38  rt_cmsis.o(i.osTimerThread)
    os_tick_init                             0x0800526d   Thumb Code    32  rt_system.o(i.os_tick_init)
    os_tick_irqack                           0x08005295   Thumb Code     2  rt_system.o(i.os_tick_irqack)
    rt_alloc_box                             0x08005297   Thumb Code    26  rt_membox.o(i.rt_alloc_box)
    rt_alloc_mem                             0x080052b1   Thumb Code    62  rt_memory.o(i.rt_alloc_mem)
    rt_block                                 0x080052f1   Thumb Code    48  rt_task.o(i.rt_block)
    rt_chk_robin                             0x08005329   Thumb Code    60  rt_robin.o(i.rt_chk_robin)
    rt_dec_dly                               0x08005371   Thumb Code   102  rt_list.o(i.rt_dec_dly)
    rt_dispatch                              0x080053e1   Thumb Code    60  rt_task.o(i.rt_dispatch)
    rt_evt_psh                               0x08005425   Thumb Code    76  rt_event.o(i.rt_evt_psh)
    rt_evt_set                               0x08005475   Thumb Code    88  rt_event.o(i.rt_evt_set)
    rt_evt_wait                              0x080054d1   Thumb Code    56  rt_event.o(i.rt_evt_wait)
    rt_free_box                              0x0800550d   Thumb Code    44  rt_membox.o(i.rt_free_box)
    rt_free_mem                              0x08005539   Thumb Code    40  rt_memory.o(i.rt_free_mem)
    rt_get_first                             0x08005561   Thumb Code    40  rt_list.o(i.rt_get_first)
    rt_init_mem                              0x080055d9   Thumb Code    26  rt_memory.o(i.rt_init_mem)
    rt_init_robin                            0x080055f5   Thumb Code    14  rt_robin.o(i.rt_init_robin)
    rt_init_stack                            0x0800560d   Thumb Code   118  hal_cm.o(i.rt_init_stack)
    rt_mbx_check                             0x0800568d   Thumb Code     8  rt_mailbox.o(i.rt_mbx_check)
    rt_mbx_init                              0x08005695   Thumb Code    26  rt_mailbox.o(i.rt_mbx_init)
    rt_mbx_psh                               0x080056b1   Thumb Code   236  rt_mailbox.o(i.rt_mbx_psh)
    rt_mbx_wait                              0x080057a1   Thumb Code   174  rt_mailbox.o(i.rt_mbx_wait)
    rt_mut_init                              0x08005899   Thumb Code    16  rt_mutex.o(i.rt_mut_init)
    rt_mut_release                           0x080058a9   Thumb Code   208  rt_mutex.o(i.rt_mut_release)
    rt_mut_wait                              0x08005981   Thumb Code   114  rt_mutex.o(i.rt_mut_wait)
    rt_pop_req                               0x080059f9   Thumb Code   112  rt_system.o(i.rt_pop_req)
    rt_psh_req                               0x08005a75   Thumb Code    22  rt_system.o(i.rt_psh_req)
    rt_psq_enq                               0x08005a95   Thumb Code    88  rt_list.o(i.rt_psq_enq)
    rt_put_dly                               0x08005af1   Thumb Code    68  rt_list.o(i.rt_put_dly)
    rt_put_prio                              0x08005b39   Thumb Code    54  rt_list.o(i.rt_put_prio)
    rt_put_rdy_first                         0x08005b71   Thumb Code    14  rt_list.o(i.rt_put_rdy_first)
    rt_resort_prio                           0x08005b85   Thumb Code    46  rt_list.o(i.rt_resort_prio)
    rt_ret_val                               0x08005bc9   Thumb Code    12  hal_cm.o(i.rt_ret_val)
    rt_ret_val2                              0x08005bd5   Thumb Code    16  hal_cm.o(i.rt_ret_val2)
    rt_rmv_dly                               0x08005be5   Thumb Code    40  rt_list.o(i.rt_rmv_dly)
    rt_rmv_list                              0x08005c0d   Thumb Code    44  rt_list.o(i.rt_rmv_list)
    rt_sem_psh                               0x08005c3d   Thumb Code    48  rt_semaphore.o(i.rt_sem_psh)
    rt_stk_check                             0x08005c71   Thumb Code    28  rt_system.o(i.rt_stk_check)
    rt_switch_req                            0x08005c95   Thumb Code    30  rt_task.o(i.rt_switch_req)
    rt_sys_init                              0x08005cbd   Thumb Code   138  rt_task.o(i.rt_sys_init)
    rt_sys_start                             0x08005d89   Thumb Code   110  rt_task.o(i.rt_sys_start)
    rt_systick                               0x08005e01   Thumb Code    50  rt_system.o(i.rt_systick)
    rt_tsk_create                            0x08005e89   Thumb Code   118  rt_task.o(i.rt_tsk_create)
    rt_tsk_delete                            0x08005f11   Thumb Code   352  rt_task.o(i.rt_tsk_delete)
    rt_tsk_prio                              0x0800608d   Thumb Code   108  rt_task.o(i.rt_tsk_prio)
    rt_tsk_self                              0x08006109   Thumb Code    12  rt_task.o(i.rt_tsk_self)
    svcKernelInitialize                      0x08006119   Thumb Code    80  rt_cmsis.o(i.svcKernelInitialize)
    svcKernelStart                           0x08006189   Thumb Code    62  rt_cmsis.o(i.svcKernelStart)
    svcMessageCreate                         0x080061d1   Thumb Code    36  rt_cmsis.o(i.svcMessageCreate)
    svcMessageGet                            0x080061f5   Thumb Code    58  rt_cmsis.o(i.svcMessageGet)
    svcSignalSet                             0x0800622f   Thumb Code    36  rt_cmsis.o(i.svcSignalSet)
    svcSignalWait                            0x08006255   Thumb Code    80  rt_cmsis.o(i.svcSignalWait)
    svcThreadCreate                          0x080062a9   Thumb Code    96  rt_cmsis.o(i.svcThreadCreate)
    svcThreadGetId                           0x08006315   Thumb Code    22  rt_cmsis.o(i.svcThreadGetId)
    svcThreadTerminate                       0x08006331   Thumb Code    50  rt_cmsis.o(i.svcThreadTerminate)
    svcTimerCall                             0x08006369   Thumb Code    24  rt_cmsis.o(i.svcTimerCall)
    sysTimerTick                             0x08006381   Thumb Code    84  rt_cmsis.o(i.sysTimerTick)
    _get_lc_ctype                            0x080063dd   Thumb Code    44  lc_ctype_c.o(locale$$code)
    __aeabi_dneg                             0x08006409   Thumb Code     0  basic.o(x$fpl$basic)
    _dneg                                    0x08006409   Thumb Code     6  basic.o(x$fpl$basic)
    __aeabi_fneg                             0x0800640f   Thumb Code     0  basic.o(x$fpl$basic)
    _fneg                                    0x0800640f   Thumb Code     6  basic.o(x$fpl$basic)
    _dabs                                    0x08006415   Thumb Code     6  basic.o(x$fpl$basic)
    _fabs                                    0x0800641b   Thumb Code     6  basic.o(x$fpl$basic)
    __aeabi_d2f                              0x08006421   Thumb Code     0  d2f.o(x$fpl$d2f)
    _d2f                                     0x08006421   Thumb Code    98  d2f.o(x$fpl$d2f)
    __aeabi_dadd                             0x08006485   Thumb Code     0  daddsub_clz.o(x$fpl$dadd)
    _dadd                                    0x08006485   Thumb Code   332  daddsub_clz.o(x$fpl$dadd)
    __fpl_dcmp_Inf                           0x080065d5   Thumb Code    24  dcmpi.o(x$fpl$dcmpinf)
    __aeabi_ddiv                             0x080065ed   Thumb Code     0  ddiv.o(x$fpl$ddiv)
    _ddiv                                    0x080065ed   Thumb Code   556  ddiv.o(x$fpl$ddiv)
    __aeabi_cdcmpeq                          0x080068a1   Thumb Code     0  deqf.o(x$fpl$deqf)
    _dcmpeq                                  0x080068a1   Thumb Code   120  deqf.o(x$fpl$deqf)
    __aeabi_d2iz                             0x08006919   Thumb Code     0  dfix.o(x$fpl$dfix)
    _dfix                                    0x08006919   Thumb Code    94  dfix.o(x$fpl$dfix)
    __aeabi_d2uiz                            0x08006979   Thumb Code     0  dfixu.o(x$fpl$dfixu)
    _dfixu                                   0x08006979   Thumb Code    90  dfixu.o(x$fpl$dfixu)
    __aeabi_i2d                              0x080069d3   Thumb Code     0  dflt_clz.o(x$fpl$dflt)
    _dflt                                    0x080069d3   Thumb Code    46  dflt_clz.o(x$fpl$dflt)
    __aeabi_ui2d                             0x08006a01   Thumb Code     0  dflt_clz.o(x$fpl$dfltu)
    _dfltu                                   0x08006a01   Thumb Code    38  dflt_clz.o(x$fpl$dfltu)
    __aeabi_cdcmpge                          0x08006a29   Thumb Code     0  dgeqf.o(x$fpl$dgeqf)
    _dcmpge                                  0x08006a29   Thumb Code   120  dgeqf.o(x$fpl$dgeqf)
    __aeabi_cdcmple                          0x08006aa1   Thumb Code     0  dleqf.o(x$fpl$dleqf)
    _dcmple                                  0x08006aa1   Thumb Code   120  dleqf.o(x$fpl$dleqf)
    __fpl_dcmple_InfNaN                      0x08006b03   Thumb Code     0  dleqf.o(x$fpl$dleqf)
    __aeabi_dmul                             0x08006b19   Thumb Code     0  dmul.o(x$fpl$dmul)
    _dmul                                    0x08006b19   Thumb Code   332  dmul.o(x$fpl$dmul)
    __fpl_dnaninf                            0x08006c6d   Thumb Code   156  dnaninf.o(x$fpl$dnaninf)
    __fpl_dretinf                            0x08006d09   Thumb Code    12  dretinf.o(x$fpl$dretinf)
    __aeabi_cdrcmple                         0x08006d15   Thumb Code     0  drleqf.o(x$fpl$drleqf)
    _drcmple                                 0x08006d15   Thumb Code   108  drleqf.o(x$fpl$drleqf)
    __aeabi_drsub                            0x08006d81   Thumb Code     0  daddsub_clz.o(x$fpl$drsb)
    _drsb                                    0x08006d81   Thumb Code    22  daddsub_clz.o(x$fpl$drsb)
    _dsqrt                                   0x08006d99   Thumb Code   404  dsqrt_umaal.o(x$fpl$dsqrt)
    __aeabi_dsub                             0x08006f31   Thumb Code     0  daddsub_clz.o(x$fpl$dsub)
    _dsub                                    0x08006f31   Thumb Code   472  daddsub_clz.o(x$fpl$dsub)
    __aeabi_f2d                              0x0800710d   Thumb Code     0  f2d.o(x$fpl$f2d)
    _f2d                                     0x0800710d   Thumb Code    86  f2d.o(x$fpl$f2d)
    __aeabi_dcmpeq                           0x08007163   Thumb Code     0  dcmp.o(x$fpl$fcmp)
    _deq                                     0x08007163   Thumb Code    14  dcmp.o(x$fpl$fcmp)
    _dneq                                    0x08007171   Thumb Code    14  dcmp.o(x$fpl$fcmp)
    __aeabi_dcmpgt                           0x0800717f   Thumb Code     0  dcmp.o(x$fpl$fcmp)
    _dgr                                     0x0800717f   Thumb Code    14  dcmp.o(x$fpl$fcmp)
    __aeabi_dcmpge                           0x0800718d   Thumb Code     0  dcmp.o(x$fpl$fcmp)
    _dgeq                                    0x0800718d   Thumb Code    14  dcmp.o(x$fpl$fcmp)
    __aeabi_dcmple                           0x0800719b   Thumb Code     0  dcmp.o(x$fpl$fcmp)
    _dleq                                    0x0800719b   Thumb Code    14  dcmp.o(x$fpl$fcmp)
    __aeabi_dcmplt                           0x080071a9   Thumb Code     0  dcmp.o(x$fpl$fcmp)
    _dls                                     0x080071a9   Thumb Code    14  dcmp.o(x$fpl$fcmp)
    __fpl_fnaninf                            0x080071b7   Thumb Code   140  fnaninf.o(x$fpl$fnaninf)
    _fp_init                                 0x08007243   Thumb Code    26  fpinit.o(x$fpl$fpinit)
    __fplib_config_fpu_vfp                   0x0800725b   Thumb Code     0  fpinit.o(x$fpl$fpinit)
    __fplib_config_pureend_doubles           0x0800725b   Thumb Code     0  fpinit.o(x$fpl$fpinit)
    __fpl_fretinf                            0x0800725d   Thumb Code    10  fretinf.o(x$fpl$fretinf)
    __I$use$fp                               0x08007266   Number         0  usenofp.o(x$fpl$usenofp)
    __mathlib_zero                           0x08007328   Data           8  qnan.o(.constdata)
    AHBPrescTable                            0x08007428   Data          16  system_stm32f4xx.o(.rodata.AHBPrescTable)
    CMSIS_RTOS_API_Version                   0x08007438   Data           4  rtx_conf_cm.o(.rodata.CMSIS_RTOS_API_Version)
    CMSIS_RTOS_RTX_Version                   0x0800743c   Data           4  rtx_conf_cm.o(.rodata.CMSIS_RTOS_RTX_Version)
    vtable for Bit                           0x08007784   Data          16  bit.o(.rodata._ZTV3Bit)
    vtable for Bus                           0x08007794   Data          40  bus.o(.rodata._ZTV3Bus)
    vtable for Pin                           0x080077bc   Data          16  pin.o(.rodata._ZTV3Pin)
    vtable for Spi                           0x080077cc   Data          48  spi.o(.rodata._ZTV3Spi)
    vtable for GLcd                          0x080077fc   Data          28  glcd.o(.rodata._ZTV4GLcd)
    vtable for Port                          0x08007818   Data          40  port.o(.rodata._ZTV4Port)
    vtable for SpiBus                        0x08007840   Data          48  spibus.o(.rodata._ZTV6SpiBus)
    vtable for Nokia5110                     0x08007870   Data          28  nokia5110.o(.rodata._ZTV9Nokia5110)
    mp_stk_size                              0x0800788c   Data           4  rtx_conf_cm.o(.rodata.mp_stk_size)
    mp_tcb_size                              0x08007890   Data           2  rtx_conf_cm.o(.rodata.mp_tcb_size)
    mp_tmr_size                              0x08007892   Data           2  rtx_conf_cm.o(.rodata.mp_tmr_size)
    os_clockrate                             0x08007894   Data           4  rtx_conf_cm.o(.rodata.os_clockrate)
    os_fifo_size                             0x08007898   Data           1  rtx_conf_cm.o(.rodata.os_fifo_size)
    os_flags                                 0x08007899   Data           1  rtx_conf_cm.o(.rodata.os_flags)
    os_maxtaskrun                            0x0800789a   Data           2  rtx_conf_cm.o(.rodata.os_maxtaskrun)
    os_messageQ_def_osTimerMessageQ          0x0800789c   Data           8  rtx_conf_cm.o(.rodata.os_messageQ_def_osTimerMessageQ)
    os_rrobin                                0x080078a4   Data           4  rtx_conf_cm.o(.rodata.os_rrobin)
    os_stack_sz                              0x080078a8   Data           4  rtx_conf_cm.o(.rodata.os_stack_sz)
    os_stackinfo                             0x080078ac   Data           4  rtx_conf_cm.o(.rodata.os_stackinfo)
    os_thread_def_main                       0x080078b0   Data          16  rtx_conf_cm.o(.rodata.os_thread_def_main)
    os_thread_def_osTimerThread              0x080078c0   Data          16  rtx_conf_cm.o(.rodata.os_thread_def_osTimerThread)
    os_timernum                              0x080078d0   Data           4  rtx_conf_cm.o(.rodata.os_timernum)
    os_trv                                   0x080078d4   Data           4  rtx_conf_cm.o(.rodata.os_trv)
    Region$$Table$$Base                      0x08007938   Number         0  anon$$obj.o(Region$$Table)
    Region$$Table$$Limit                     0x08007958   Number         0  anon$$obj.o(Region$$Table)
    __ctype                                  0x08007965   Data           0  lc_ctype_c.o(locale$$data)
    SHT$$INIT_ARRAY$$Base                    0x08007a68   Number         0  main.o(.init_array)
    SHT$$INIT_ARRAY$$Limit                   0x08007a6c   Number         0  init_aeabi.o(.init_array)
    __ARM_use_no_argv                        0x20000000   Data           4  main.o(.ARM.use_no_argv)
    os_initialized                           0x20000004   Data           1  rt_cmsis.o(.data)
    os_running                               0x20000005   Data           1  rt_cmsis.o(.data)
    os_timer_head                            0x20000008   Data           4  rt_cmsis.o(.data)
    os_tsk                                   0x2000000c   Data           8  rt_task.o(.data)
    os_tick_irqn                             0x20000018   Data           4  rt_system.o(.data)
    os_time                                  0x2000001c   Data           4  rt_time.o(.data)
    os_robin                                 0x20000020   Data           8  rt_robin.o(.data)
    dbg_msg                                  0x20000028   Data           1  hal_cm.o(.data)
    Dec                                      0x20000029   Data          17  main.o(.data.Dec)
    SystemCoreClock                          0x2000003c   Data           4  system_stm32f4xx.o(.data.SystemCoreClock)
    Text1                                    0x20000040   Data          50  main.o(.data.Text1)
    Text2                                    0x20000072   Data          50  main.o(.data.Text2)
    estadoActual                             0x200000a4   Data           1  main.o(.data.estadoActual)
    velocidad                                0x200000a8   Data           4  main.o(.data.velocidad)
    os_idle_TCB                              0x200000b0   Data          52  rt_task.o(.bss)
    os_rdy                                   0x200000e4   Data          24  rt_list.o(.bss)
    os_dly                                   0x200000fc   Data          24  rt_list.o(.bss)
    __libspace_start                         0x20000114   Data          96  libspace.o(.bss)
    C                                        0x20000174   Data          20  main.o(.bss.C)
    __temporary_stack_top$libspace           0x20000174   Data           0  libspace.o(.bss)
    CE                                       0x20000188   Data          24  main.o(.bss.CE)
    DC                                       0x200001a0   Data          24  main.o(.bss.DC)
    F                                        0x200001b8   Data          20  main.o(.bss.F)
    FunAlarA                                 0x200001cc   Data           4  rtc.o(.bss.FunAlarA)
    FunAlarB                                 0x200001d0   Data           4  rtc.o(.bss.FunAlarB)
    FunExti0                                 0x200001d4   Data           4  pin.o(.bss.FunExti0)
    FunExti1                                 0x200001d8   Data           4  pin.o(.bss.FunExti1)
    FunExti10                                0x200001dc   Data           4  pin.o(.bss.FunExti10)
    FunExti11                                0x200001e0   Data           4  pin.o(.bss.FunExti11)
    FunExti12                                0x200001e4   Data           4  pin.o(.bss.FunExti12)
    FunExti13                                0x200001e8   Data           4  pin.o(.bss.FunExti13)
    FunExti14                                0x200001ec   Data           4  pin.o(.bss.FunExti14)
    FunExti15                                0x200001f0   Data           4  pin.o(.bss.FunExti15)
    FunExti2                                 0x200001f4   Data           4  pin.o(.bss.FunExti2)
    FunExti3                                 0x200001f8   Data           4  pin.o(.bss.FunExti3)
    FunExti4                                 0x200001fc   Data           4  pin.o(.bss.FunExti4)
    FunExti5                                 0x20000200   Data           4  pin.o(.bss.FunExti5)
    FunExti6                                 0x20000204   Data           4  pin.o(.bss.FunExti6)
    FunExti7                                 0x20000208   Data           4  pin.o(.bss.FunExti7)
    FunExti8                                 0x2000020c   Data           4  pin.o(.bss.FunExti8)
    FunExti9                                 0x20000210   Data           4  pin.o(.bss.FunExti9)
    FunI2C1                                  0x20000214   Data           4  i2c.o(.bss.FunI2C1)
    FunI2C1f                                 0x20000218   Data           4  i2c.o(.bss.FunI2C1f)
    FunI2C1i                                 0x2000021c   Data           4  i2c.o(.bss.FunI2C1i)
    FunI2C2                                  0x20000220   Data           4  i2c.o(.bss.FunI2C2)
    FunI2C2f                                 0x20000224   Data           4  i2c.o(.bss.FunI2C2f)
    FunI2C2i                                 0x20000228   Data           4  i2c.o(.bss.FunI2C2i)
    FunI2C3                                  0x2000022c   Data           4  i2c.o(.bss.FunI2C3)
    FunI2C3f                                 0x20000230   Data           4  i2c.o(.bss.FunI2C3f)
    FunI2C3i                                 0x20000234   Data           4  i2c.o(.bss.FunI2C3i)
    FunTim10                                 0x20000238   Data           4  timer.o(.bss.FunTim10)
    FunTim11                                 0x2000023c   Data           4  timer.o(.bss.FunTim11)
    FunTim2                                  0x20000240   Data           4  timer.o(.bss.FunTim2)
    FunTim3                                  0x20000244   Data           4  timer.o(.bss.FunTim3)
    FunTim4                                  0x20000248   Data           4  timer.o(.bss.FunTim4)
    FunTim5                                  0x2000024c   Data           4  timer.o(.bss.FunTim5)
    FunTim9                                  0x20000250   Data           4  timer.o(.bss.FunTim9)
    FunUsart1                                0x20000254   Data           4  usart.o(.bss.FunUsart1)
    FunUsart2                                0x20000258   Data           4  usart.o(.bss.FunUsart2)
    FunUsart6                                0x2000025c   Data           4  usart.o(.bss.FunUsart6)
    MP                                       0x20000260   Data           4  main.o(.bss.MP)
    Nokia                                    0x20000264   Data         668  main.o(.bss.Nokia)
    PinMotor                                 0x20000500   Data          24  main.o(.bss.PinMotor)
    R                                        0x20000518   Data           1  main.o(.bss.R)
    R2                                       0x20000519   Data           1  main.o(.bss.R2)
    RST                                      0x2000051c   Data          24  main.o(.bss.RST)
    S                                        0x20000534   Data          80  main.o(.bss.S)
    T                                        0x20000584   Data          12  main.o(.bss.T)
    Tarea1ID                                 0x20000590   Data           4  main.o(.bss.Tarea1ID)
    Tarea2ID                                 0x20000594   Data           4  main.o(.bss.Tarea2ID)
    Te                                       0x20000598   Data           8  main.o(.bss.Te)
    TipoControl                              0x200005a0   Data           1  main.o(.bss.TipoControl)
    _Dato_                                   0x200005a1   Data           1  i2c.o(.bss._Dato_)
    _Dummy_                                  0x200005a4   Data           4  i2c.o(.bss._Dummy_)
    __cxa_new_handler                        0x200005a8   Data           4  cxa_default_handlers.cpp.o(.bss.__cxa_new_handler)
    allowInput                               0x200005ac   Data           1  main.o(.bss.allowInput)
    i                                        0x200005b0   Data           4  main.o(.bss.i)
    m_tmr                                    0x200005b4   Data           4  rtx_conf_cm.o(.bss.m_tmr)
    mp_stk                                   0x200005b8   Data       24592  rtx_conf_cm.o(.bss.mp_stk)
    mp_tcb                                   0x200065c8   Data         376  rtx_conf_cm.o(.bss.mp_tcb)
    n                                        0x20006740   Data           4  main.o(.bss.n)
    osMessageQId_osTimerMessageQ             0x20006748   Data           4  rtx_conf_cm.o(.bss.osMessageQId_osTimerMessageQ)
    osThreadId_osTimerThread                 0x2000674c   Data           4  rtx_conf_cm.o(.bss.osThreadId_osTimerThread)
    os_active_TCB                            0x20006750   Data          28  rtx_conf_cm.o(.bss.os_active_TCB)
    os_fifo                                  0x2000676c   Data         132  rtx_conf_cm.o(.bss.os_fifo)
    os_messageQ_q_osTimerMessageQ            0x200067f0   Data          32  rtx_conf_cm.o(.bss.os_messageQ_q_osTimerMessageQ)
    os_stack_mem                             0x20006810   Data        4328  rtx_conf_cm.o(.bss.os_stack_mem)
    rtDW                                     0x200078f8   Data          32  control_motor.o(.bss.rtDW)
    rtU                                      0x20007918   Data          40  control_motor.o(.bss.rtU)
    rtY                                      0x20007940   Data           8  control_motor.o(.bss.rtY)
    sensor                                   0x20007948   Data           4  main.o(.bss.sensor)
    ts                                       0x20007c6c   Data           4  main.o(.bss.ts)
    x_grafica                                0x20007c70   Data           4  main.o(.bss.x_grafica)



==============================================================================

Memory Map of the image

  Image Entry point : 0x08000425

  Load Region LR_1 (Base: 0x08000000, Size: 0x00007b18, Max: 0xffffffff, ABSOLUTE)

    Execution Region ER_RO (Exec base: 0x08000000, Load base: 0x08000000, Size: 0x00007a6c, Max: 0xffffffff, ABSOLUTE)

    Exec Addr    Load Addr    Size         Type   Attr      Idx    E Section Name        Object

    0x08000000   0x08000000   0x00000194   Data   RO         1987    RESET               startup_stm32f401xe.o
    0x08000194   0x08000194   0x00000008   Code   RO         3302  * !!!main             c_w.l(__main.o)
    0x0800019c   0x0800019c   0x0000005c   Code   RO         3979    !!!scatter          c_w.l(__scatter.o)
    0x080001f8   0x080001f8   0x0000001a   Code   RO         3983    !!handler_copy      c_w.l(__scatter_copy.o)
    0x08000212   0x08000212   0x00000002   PAD
    0x08000214   0x08000214   0x00000002   Code   RO         3980    !!handler_null      c_w.l(__scatter.o)
    0x08000216   0x08000216   0x00000002   PAD
    0x08000218   0x08000218   0x0000001c   Code   RO         3985    !!handler_zi        c_w.l(__scatter_zi.o)
    0x08000234   0x08000234   0x00000002   Code   RO         3893    .ARM.Collect$$libinit$$00000000  c_w.l(libinit.o)
    0x08000236   0x08000236   0x00000004   Code   RO         3572    .ARM.Collect$$libinit$$00000001  c_w.l(libinit2.o)
    0x0800023a   0x0800023a   0x00000000   Code   RO         3575    .ARM.Collect$$libinit$$00000004  c_w.l(libinit2.o)
    0x0800023a   0x0800023a   0x00000000   Code   RO         3577    .ARM.Collect$$libinit$$00000006  c_w.l(libinit2.o)
    0x0800023a   0x0800023a   0x00000008   Code   RO         3578    .ARM.Collect$$libinit$$00000007  c_w.l(libinit2.o)
    0x08000242   0x08000242   0x00000000   Code   RO         3580    .ARM.Collect$$libinit$$0000000C  c_w.l(libinit2.o)
    0x08000242   0x08000242   0x00000000   Code   RO         3582    .ARM.Collect$$libinit$$0000000E  c_w.l(libinit2.o)
    0x08000242   0x08000242   0x00000000   Code   RO         3584    .ARM.Collect$$libinit$$00000010  c_w.l(libinit2.o)
    0x08000242   0x08000242   0x00000006   Code   RO         3585    .ARM.Collect$$libinit$$00000011  c_w.l(libinit2.o)
    0x08000248   0x08000248   0x00000000   Code   RO         3587    .ARM.Collect$$libinit$$00000013  c_w.l(libinit2.o)
    0x08000248   0x08000248   0x0000000c   Code   RO         3588    .ARM.Collect$$libinit$$00000014  c_w.l(libinit2.o)
    0x08000254   0x08000254   0x00000000   Code   RO         3589    .ARM.Collect$$libinit$$00000015  c_w.l(libinit2.o)
    0x08000254   0x08000254   0x00000000   Code   RO         3591    .ARM.Collect$$libinit$$00000017  c_w.l(libinit2.o)
    0x08000254   0x08000254   0x00000000   Code   RO         3593    .ARM.Collect$$libinit$$00000019  c_w.l(libinit2.o)
    0x08000254   0x08000254   0x00000000   Code   RO         3595    .ARM.Collect$$libinit$$0000001B  c_w.l(libinit2.o)
    0x08000254   0x08000254   0x00000000   Code   RO         3597    .ARM.Collect$$libinit$$0000001D  c_w.l(libinit2.o)
    0x08000254   0x08000254   0x00000000   Code   RO         3599    .ARM.Collect$$libinit$$0000001F  c_w.l(libinit2.o)
    0x08000254   0x08000254   0x00000000   Code   RO         3601    .ARM.Collect$$libinit$$00000021  c_w.l(libinit2.o)
    0x08000254   0x08000254   0x00000000   Code   RO         3603    .ARM.Collect$$libinit$$00000023  c_w.l(libinit2.o)
    0x08000254   0x08000254   0x00000000   Code   RO         3605    .ARM.Collect$$libinit$$00000025  c_w.l(libinit2.o)
    0x08000254   0x08000254   0x00000000   Code   RO         3607    .ARM.Collect$$libinit$$00000027  c_w.l(libinit2.o)
    0x08000254   0x08000254   0x00000000   Code   RO         3611    .ARM.Collect$$libinit$$0000002E  c_w.l(libinit2.o)
    0x08000254   0x08000254   0x00000000   Code   RO         3613    .ARM.Collect$$libinit$$00000030  c_w.l(libinit2.o)
    0x08000254   0x08000254   0x00000000   Code   RO         3615    .ARM.Collect$$libinit$$00000032  c_w.l(libinit2.o)
    0x08000254   0x08000254   0x00000004   Code   RO         3616    .ARM.Collect$$libinit$$00000033  c_w.l(libinit2.o)
    0x08000258   0x08000258   0x00000000   Code   RO         3617    .ARM.Collect$$libinit$$00000034  c_w.l(libinit2.o)
    0x08000258   0x08000258   0x00000002   Code   RO         3618    .ARM.Collect$$libinit$$00000035  c_w.l(libinit2.o)
    0x0800025a   0x0800025a   0x00000002   Code   RO         3964    .ARM.Collect$$libshutdown$$00000000  c_w.l(libshutdown.o)
    0x0800025c   0x0800025c   0x00000006   Code   RO         3894    .ARM.Collect$$libshutdown$$00000001  c_w.l(libshutdown2.o)
    0x08000262   0x08000262   0x00000000   Code   RO         3895    .ARM.Collect$$libshutdown$$00000002  c_w.l(libshutdown2.o)
    0x08000262   0x08000262   0x00000000   Code   RO         3897    .ARM.Collect$$libshutdown$$00000004  c_w.l(libshutdown2.o)
    0x08000262   0x08000262   0x00000000   Code   RO         3900    .ARM.Collect$$libshutdown$$00000007  c_w.l(libshutdown2.o)
    0x08000262   0x08000262   0x00000000   Code   RO         3903    .ARM.Collect$$libshutdown$$0000000A  c_w.l(libshutdown2.o)
    0x08000262   0x08000262   0x00000000   Code   RO         3905    .ARM.Collect$$libshutdown$$0000000C  c_w.l(libshutdown2.o)
    0x08000262   0x08000262   0x00000000   Code   RO         3908    .ARM.Collect$$libshutdown$$0000000F  c_w.l(libshutdown2.o)
    0x08000262   0x08000262   0x00000002   Code   RO         3909    .ARM.Collect$$libshutdown$$00000010  c_w.l(libshutdown2.o)
    0x08000264   0x08000264   0x00000000   Code   RO         3458    .ARM.Collect$$rtentry$$00000000  c_w.l(__rtentry.o)
    0x08000264   0x08000264   0x00000000   Code   RO         3724    .ARM.Collect$$rtentry$$00000002  c_w.l(__rtentry2.o)
    0x08000264   0x08000264   0x00000006   Code   RO         3736    .ARM.Collect$$rtentry$$00000004  c_w.l(__rtentry4.o)
    0x0800026a   0x0800026a   0x00000000   Code   RO         3726    .ARM.Collect$$rtentry$$00000009  c_w.l(__rtentry2.o)
    0x0800026a   0x0800026a   0x00000004   Code   RO         3727    .ARM.Collect$$rtentry$$0000000A  c_w.l(__rtentry2.o)
    0x0800026e   0x0800026e   0x00000008   Code   RO         3728    .ARM.Collect$$rtentry$$0000000B  c_w.l(__rtentry2.o)
    0x08000276   0x08000276   0x00000008   Code   RO         3730    .ARM.Collect$$rtentry$$0000000D  c_w.l(__rtentry2.o)
    0x0800027e   0x0800027e   0x00000002   Code   RO         3919    .ARM.Collect$$rtexit$$00000000  c_w.l(rtexit.o)
    0x08000280   0x08000280   0x00000000   Code   RO         3940    .ARM.Collect$$rtexit$$00000002  c_w.l(rtexit2.o)
    0x08000280   0x08000280   0x00000004   Code   RO         3941    .ARM.Collect$$rtexit$$00000003  c_w.l(rtexit2.o)
    0x08000284   0x08000284   0x00000006   Code   RO         3942    .ARM.Collect$$rtexit$$00000004  c_w.l(rtexit2.o)
    0x0800028a   0x0800028a   0x00000002   PAD
    0x0800028c   0x0800028c   0x00000198   Code   RO         3213    .emb_text           RTX_CM4.lib(hal_cm4.o)
    0x08000424   0x08000424   0x00000040   Code   RO         1988  * .text               startup_stm32f401xe.o
    0x08000464   0x08000464   0x00000008   Code   RO         3228    .text               c_w.l(libspace.o)
    0x0800046c   0x0800046c   0x0000003c   Code   RO         3274    .text               c_w.l(__0sscanf.o)
    0x080004a8   0x080004a8   0x0000014c   Code   RO         3276    .text               c_w.l(_scanf_int.o)
    0x080005f4   0x080005f4   0x0000000a   Code   RO         3283    .text               c_w.l(cxa_atexit.o)
    0x080005fe   0x080005fe   0x0000004e   Code   RO         3298    .text               c_w.l(rt_memclr_w.o)
    0x0800064c   0x0800064c   0x00000006   Code   RO         3300    .text               c_w.l(heapauxi.o)
    0x08000652   0x08000652   0x00000002   PAD
    0x08000654   0x08000654   0x0000002c   Code   RO         3307    .text               c_w.l(init_aeabi.o)
    0x08000680   0x08000680   0x00000010   Code   RO         3459    .text               c_w.l(rt_ctype_table.o)
    0x08000690   0x08000690   0x00000004   Code   RO         3470    .text               c_w.l(rt_errno_addr_twolibspace.o)
    0x08000694   0x08000694   0x000000a6   Code   RO         3482    .text               c_w.l(h1_alloc_threads.o)
    0x0800073a   0x0800073a   0x00000076   Code   RO         3484    .text               c_w.l(h1_free_threads.o)
    0x080007b0   0x080007b0   0x00000016   Code   RO         3538    .text               c_w.l(_rserrno.o)
    0x080007c6   0x080007c6   0x0000001c   Code   RO         3556    .text               c_w.l(_chval.o)
    0x080007e2   0x080007e2   0x00000002   PAD
    0x080007e4   0x080007e4   0x0000002c   Code   RO         3558    .text               c_w.l(scanf_char.o)
    0x08000810   0x08000810   0x00000040   Code   RO         3560    .text               c_w.l(_sgetc.o)
    0x08000850   0x08000850   0x0000002e   Code   RO         3567    .text               c_w.l(aeabi_atexit.o)
    0x0800087e   0x0800087e   0x0000000a   Code   RO         3745    .text               c_w.l(rt_heap_descriptor_twolibspace.o)
    0x08000888   0x08000888   0x0000000a   Code   RO         3752    .text               c_w.l(rt_locale_twolibspace.o)
    0x08000892   0x08000892   0x0000000a   Code   RO         3759    .text               c_w.l(rt_ddtor_pointer_addr_twolibspace.o)
    0x0800089c   0x0800089c   0x00000004   Code   RO         3761    .text               c_w.l(hguard.o)
    0x080008a0   0x080008a0   0x0000008a   Code   RO         3763    .text               c_w.l(init_alloc.o)
    0x0800092a   0x0800092a   0x00000012   Code   RO         3769    .text               c_w.l(h1_init_threads.o)
    0x0800093c   0x0800093c   0x00000012   Code   RO         3781    .text               c_w.l(isspace.o)
    0x0800094e   0x0800094e   0x00000002   PAD
    0x08000950   0x08000950   0x00000374   Code   RO         3787    .text               c_w.l(_scanf.o)
    0x08000cc4   0x08000cc4   0x00000042   Code   RO         3824    .text               c_w.l(cxa_finalize.o)
    0x08000d06   0x08000d06   0x0000004a   Code   RO         3856    .text               c_w.l(sys_stackheap_outer.o)
    0x08000d50   0x08000d50   0x00000000   Code   RO         3860    .text               c_w.l(maybetermalloc1.o)
    0x08000d50   0x08000d50   0x00000052   Code   RO         3864    .text               c_w.l(h1_extend_threads.o)
    0x08000da2   0x08000da2   0x00000012   Code   RO         3868    .text               c_w.l(exit.o)
    0x08000db4   0x08000db4   0x0000000e   Code   RO         3876    .text               c_w.l(defsig_rtmem_outer.o)
    0x08000dc2   0x08000dc2   0x00000006   PAD
    0x08000dc8   0x08000dc8   0x0000007c   Code   RO         3880    .text               c_w.l(strcmpv7em.o)
    0x08000e44   0x08000e44   0x0000000c   Code   RO         3912    .text               c_w.l(sys_exit.o)
    0x08000e50   0x08000e50   0x00000002   Code   RO         3916    .text               c_w.l(use_no_semi.o)
    0x08000e52   0x08000e52   0x00000000   Code   RO         3918    .text               c_w.l(indicate_semi.o)
    0x08000e52   0x08000e52   0x0000000a   Code   RO         3927    .text               c_w.l(defsig_exit.o)
    0x08000e5c   0x08000e5c   0x00000050   Code   RO         3935    .text               c_w.l(defsig_rtmem_inner.o)
    0x08000eac   0x08000eac   0x00000032   Code   RO         3952    .text               c_w.l(defsig_general.o)
    0x08000ede   0x08000ede   0x0000000e   Code   RO         3956    .text               c_w.l(sys_wrch.o)
    0x08000eec   0x08000eec   0x00000024   Code   RO         1121    .text.EXTI0_IRQHandler  pin.o
    0x08000f10   0x08000f10   0x000000c2   Code   RO         1133    .text.EXTI15_10_IRQHandler  pin.o
    0x08000fd2   0x08000fd2   0x00000002   PAD
    0x08000fd4   0x08000fd4   0x00000024   Code   RO         1123    .text.EXTI1_IRQHandler  pin.o
    0x08000ff8   0x08000ff8   0x00000024   Code   RO         1125    .text.EXTI2_IRQHandler  pin.o
    0x0800101c   0x0800101c   0x00000024   Code   RO         1127    .text.EXTI3_IRQHandler  pin.o
    0x08001040   0x08001040   0x00000024   Code   RO         1129    .text.EXTI4_IRQHandler  pin.o
    0x08001064   0x08001064   0x000000a4   Code   RO         1131    .text.EXTI9_5_IRQHandler  pin.o
    0x08001108   0x08001108   0x00000068   Code   RO          619    .text.I2C1_EV_IRQHandler  i2c.o
    0x08001170   0x08001170   0x00000068   Code   RO          621    .text.I2C2_EV_IRQHandler  i2c.o
    0x080011d8   0x080011d8   0x00000068   Code   RO          623    .text.I2C3_EV_IRQHandler  i2c.o
    0x08001240   0x08001240   0x00000060   Code   RO         1214    .text.RTC_Alarm_IRQHandler  rtc.o
    0x080012a0   0x080012a0   0x00000086   Code   RO         1997    .text.SystemCoreClockUpdate  system_stm32f4xx.o
    0x08001326   0x08001326   0x00000002   PAD
    0x08001328   0x08001328   0x00000012   Code   RO         1995    .text.SystemInit    system_stm32f4xx.o
    0x0800133a   0x0800133a   0x00000002   PAD
    0x0800133c   0x0800133c   0x00000022   Code   RO         1398    .text.TIM1_BRK_TIM9_IRQHandler  timer.o
    0x0800135e   0x0800135e   0x00000002   PAD
    0x08001360   0x08001360   0x00000022   Code   RO         1402    .text.TIM1_TRG_COM_TIM11_IRQHandler  timer.o
    0x08001382   0x08001382   0x00000002   PAD
    0x08001384   0x08001384   0x00000022   Code   RO         1400    .text.TIM1_UP_TIM10_IRQHandler  timer.o
    0x080013a6   0x080013a6   0x00000002   PAD
    0x080013a8   0x080013a8   0x00000020   Code   RO         1390    .text.TIM2_IRQHandler  timer.o
    0x080013c8   0x080013c8   0x00000022   Code   RO         1392    .text.TIM3_IRQHandler  timer.o
    0x080013ea   0x080013ea   0x00000002   PAD
    0x080013ec   0x080013ec   0x00000022   Code   RO         1394    .text.TIM4_IRQHandler  timer.o
    0x0800140e   0x0800140e   0x00000002   PAD
    0x08001410   0x08001410   0x00000022   Code   RO         1396    .text.TIM5_IRQHandler  timer.o
    0x08001432   0x08001432   0x00000002   PAD
    0x08001434   0x08001434   0x0000002a   Code   RO         1032    .text.USART1_IRQHandler  usart.o
    0x0800145e   0x0800145e   0x00000002   PAD
    0x08001460   0x08001460   0x0000002a   Code   RO         1034    .text.USART2_IRQHandler  usart.o
    0x0800148a   0x0800148a   0x00000002   PAD
    0x0800148c   0x0800148c   0x0000002a   Code   RO         1036    .text.USART6_IRQHandler  usart.o
    0x080014b6   0x080014b6   0x00000002   PAD
    0x080014b8   0x080014b8   0x000000ac   Code   RO         1472    .text._GLOBAL__sub_I_Main.cpp  main.o
    0x08001564   0x08001564   0x00000028   Code   RO          141    .text._Z12IniciarDelayv  delay.o
    0x0800158c   0x0800158c   0x00000004   PAD
    0x08001590   0x08001590   0x00000098   Code   RO         1462    .text._Z12Interrupcionv  main.o
    0x08001628   0x08001628   0x000006a4   Code   RO         1454    .text._Z12escribirHorav  main.o
    0x08001ccc   0x08001ccc   0x0000002c   Code   RO         1466    .text._Z13Tarea1TecladoPKv  main.o
    0x08001cf8   0x08001cf8   0x00000094   Code   RO         1468    .text._Z14Tarea2PantallaPKv  main.o
    0x08001d8c   0x08001d8c   0x00000190   Code   RO         1452    .text._Z16plano_cartesianoPc  main.o
    0x08001f1c   0x08001f1c   0x00000004   PAD
    0x08001f20   0x08001f20   0x000005e0   Code   RO         1908    .text._Z18Control_Motor_stepv  control_motor.o
    0x08002500   0x08002500   0x0000009c   Code   RO         1464    .text._Z20Interrupcion_graficav  main.o
    0x0800259c   0x0800259c   0x0000007e   Code   RO         1450    .text._Z22mostrarPantallaInicialv  main.o
    0x0800261a   0x0800261a   0x00000002   PAD
    0x0800261c   0x0800261c   0x00000002   Code   RO         1910    .text._Z24Control_Motor_initializev  control_motor.o
    0x0800261e   0x0800261e   0x00000002   PAD
    0x08002620   0x08002620   0x00000012   Code   RO         1183    .text._Z4HCLKv      pin.o
    0x08002632   0x08002632   0x00000006   PAD
    0x08002638   0x08002638   0x00000088   Code   RO         1185    .text._Z5PCLK1v     pin.o
    0x080026c0   0x080026c0   0x00000088   Code   RO         1187    .text._Z5PCLK2v     pin.o
    0x08002748   0x08002748   0x00000050   Code   RO          149    .text._Z5delayj     delay.o
    0x08002798   0x08002798   0x00000050   Code   RO          147    .text._Z8Delay_msj  delay.o
    0x080027e8   0x080027e8   0x00000004   Code   RO         1090    .text._ZN3Bit6GetBitEv  bit.o
    0x080027ec   0x080027ec   0x00000004   Code   RO         1088    .text._ZN3Bit6SetBitEb  bit.o
    0x080027f0   0x080027f0   0x00000012   Code   RO         1086    .text._ZN3BitC2Ev   bit.o
    0x08002802   0x08002802   0x00000002   PAD
    0x08002804   0x08002804   0x00000002   Code   RO           92    .text._ZN3Bus10DigitalOutEv  bus.o
    0x08002806   0x08002806   0x00000002   PAD
    0x08002808   0x08002808   0x0000000c   Code   RO           56    .text._ZN3Bus6GetBitEh  bus.o
    0x08002814   0x08002814   0x0000003c   Code   RO           54    .text._ZN3Bus6GetBusEv  bus.o
    0x08002850   0x08002850   0x00000002   Code   RO           88    .text._ZN3Bus6PullUpEv  bus.o
    0x08002852   0x08002852   0x00000002   PAD
    0x08002854   0x08002854   0x0000000e   Code   RO           58    .text._ZN3Bus6SetBitEhb  bus.o
    0x08002862   0x08002862   0x00000002   PAD
    0x08002864   0x08002864   0x0000002e   Code   RO           52    .text._ZN3Bus6SetBusEt  bus.o
    0x08002892   0x08002892   0x00000002   PAD
    0x08002894   0x08002894   0x00000004   Code   RO           48    .text._ZN3Bus7GetBitsEv  bus.o
    0x08002898   0x08002898   0x0000002a   Code   RO           50    .text._ZN3Bus7SetBitsEh  bus.o
    0x080028c2   0x080028c2   0x00000002   PAD
    0x080028c4   0x080028c4   0x00000002   Code   RO           90    .text._ZN3Bus8PullDownEv  bus.o
    0x080028c6   0x080028c6   0x00000002   PAD
    0x080028c8   0x080028c8   0x00000002   Code   RO           94    .text._ZN3Bus9DigitalInEv  bus.o
    0x080028ca   0x080028ca   0x00000002   PAD
    0x080028cc   0x080028cc   0x00000014   Code   RO           44    .text._ZN3BusC2Ev   bus.o
    0x080028e0   0x080028e0   0x00000022   Code   RO           46    .text._ZN3BusD2Ev   bus.o
    0x08002902   0x08002902   0x00000002   PAD
    0x08002904   0x08002904   0x0000003a   Code   RO         1139    .text._ZN3Pin10DigitalOutEi  pin.o
    0x0800293e   0x0800293e   0x00000002   PAD
    0x08002940   0x08002940   0x00000034   Code   RO         1141    .text._ZN3Pin10DigitalOutEv  pin.o
    0x08002974   0x08002974   0x00000048   Code   RO         1135    .text._ZN3Pin18FuncionAlternativaEih  pin.o
    0x080029bc   0x080029bc   0x000000a4   Code   RO         1137    .text._ZN3Pin4GpioEi  pin.o
    0x08002a60   0x08002a60   0x00000012   Code   RO         1163    .text._ZN3Pin6GetBitEv  pin.o
    0x08002a72   0x08002a72   0x00000002   PAD
    0x08002a74   0x08002a74   0x00000014   Code   RO         1153    .text._ZN3Pin6PullUpEv  pin.o
    0x08002a88   0x08002a88   0x0000001a   Code   RO         1165    .text._ZN3Pin6SetBitEb  pin.o
    0x08002aa2   0x08002aa2   0x00000002   PAD
    0x08002aa4   0x08002aa4   0x00000014   Code   RO         1157    .text._ZN3Pin8PullDownEv  pin.o
    0x08002ab8   0x08002ab8   0x0000000c   Code   RO         1149    .text._ZN3Pin9DigitalInEv  pin.o
    0x08002ac4   0x08002ac4   0x00000010   Code   RO         1169    .text._ZN3PinaSEb   pin.o
    0x08002ad4   0x08002ad4   0x0000003a   Code   RO         1177    .text._ZN3PinrsEi   pin.o
    0x08002b0e   0x08002b0e   0x00000002   PAD
    0x08002b10   0x08002b10   0x0000000c   Code   RO          928    .text._ZN3Spi3LsbEv  spi.o
    0x08002b1c   0x08002b1c   0x0000000e   Code   RO          926    .text._ZN3Spi3MsbEv  spi.o
    0x08002b2a   0x08002b2a   0x00000002   PAD
    0x08002b2c   0x08002b2c   0x00000018   Code   RO          924    .text._ZN3Spi4ModoEh  spi.o
    0x08002b44   0x08002b44   0x00000004   PAD
    0x08002b48   0x08002b48   0x000002e8   Code   RO          922    .text._ZN3Spi7IniciarEhhhj  spi.o
    0x08002e30   0x08002e30   0x0000001c   Code   RO          920    .text._ZN3Spi7IniciarEj  spi.o
    0x08002e4c   0x08002e4c   0x0000000e   Code   RO          918    .text._ZN3Spi7IniciarEv  spi.o
    0x08002e5a   0x08002e5a   0x00000002   PAD
    0x08002e5c   0x08002e5c   0x00000018   Code   RO          934    .text._ZN3Spi8TxRxDatoEh  spi.o
    0x08002e74   0x08002e74   0x00000042   Code   RO          916    .text._ZN3SpiC2Ev   spi.o
    0x08002eb6   0x08002eb6   0x00000002   PAD
    0x08002eb8   0x08002eb8   0x0000000e   Code   RO          936    .text._ZN3SpiaSEh   spi.o
    0x08002ec6   0x08002ec6   0x00000002   PAD
    0x08002ec8   0x08002ec8   0x00000008   Code   RO          938    .text._ZN3SpicvhEv  spi.o
    0x08002ed0   0x08002ed0   0x000000be   Code   RO          330    .text._ZN4GLcd10PrintTextoEiiPc  glcd.o
    0x08002f8e   0x08002f8e   0x00000002   PAD
    0x08002f90   0x08002f90   0x00000002   Code   RO          274    .text._ZN4GLcd11IniciarGLCDEv  glcd.o
    0x08002f92   0x08002f92   0x00000002   PAD
    0x08002f94   0x08002f94   0x00000034   Code   RO          308    .text._ZN4GLcd17RectanguloRellenoEiiii  glcd.o
    0x08002fc8   0x08002fc8   0x00000002   Code   RO          276    .text._ZN4GLcd5PixelEii  glcd.o
    0x08002fca   0x08002fca   0x00000002   PAD
    0x08002fcc   0x08002fcc   0x00000002   Code   RO          278    .text._ZN4GLcd6LineaXEiii  glcd.o
    0x08002fce   0x08002fce   0x00000002   PAD
    0x08002fd0   0x08002fd0   0x00000002   Code   RO          280    .text._ZN4GLcd6LineaYEiii  glcd.o
    0x08002fd2   0x08002fd2   0x00000002   PAD
    0x08002fd4   0x08002fd4   0x00000004   Code   RO          284    .text._ZN4GLcd8SetColorEj  glcd.o
    0x08002fd8   0x08002fd8   0x00000002   Code   RO          282    .text._ZN4GLcd9RefrescarEv  glcd.o
    0x08002fda   0x08002fda   0x00000002   PAD
    0x08002fdc   0x08002fdc   0x00000044   Code   RO          270    .text._ZN4GLcdC2Ev  glcd.o
    0x08003020   0x08003020   0x00000068   Code   RO          810    .text._ZN4Port10DigitalOutEiiiiiiiiiiiiiiii  port.o
    0x08003088   0x08003088   0x00000026   Code   RO          814    .text._ZN4Port10DigitalOutEv  port.o
    0x080030ae   0x080030ae   0x00000002   PAD
    0x080030b0   0x080030b0   0x00000044   Code   RO          826    .text._ZN4Port6GetBusEv  port.o
    0x080030f4   0x080030f4   0x00000034   Code   RO          818    .text._ZN4Port6PullUpEv  port.o
    0x08003128   0x08003128   0x0000004c   Code   RO          824    .text._ZN4Port6SetBusEt  port.o
    0x08003174   0x08003174   0x000001fe   Code   RO          808    .text._ZN4Port7IniciarEiiiiiiiiiiiiiiii  port.o
    0x08003372   0x08003372   0x00000002   PAD
    0x08003374   0x08003374   0x00000034   Code   RO          820    .text._ZN4Port8PullDownEv  port.o
    0x080033a8   0x080033a8   0x00000068   Code   RO          812    .text._ZN4Port9DigitalInEiiiiiiiiiiiiiiii  port.o
    0x08003410   0x08003410   0x00000028   Code   RO          816    .text._ZN4Port9DigitalInEv  port.o
    0x08003438   0x08003438   0x0000001c   Code   RO          806    .text._ZN4PortC2Ev  port.o
    0x08003454   0x08003454   0x00000004   PAD
    0x08003458   0x08003458   0x00000080   Code   RO         1404    .text._ZN5Timer4APB1Ev  timer.o
    0x080034d8   0x080034d8   0x00000080   Code   RO         1406    .text._ZN5Timer4APB2Ev  timer.o
    0x08003558   0x08003558   0x00000124   Code   RO         1408    .text._ZN5Timer8SetTimerEh  timer.o
    0x0800367c   0x0800367c   0x000000d8   Code   RO         1428    .text._ZN5TimeraSEPFvvE  timer.o
    0x08003754   0x08003754   0x00000068   Code   RO         1426    .text._ZN5TimeraSEd  timer.o
    0x080037bc   0x080037bc   0x00000002   Code   RO          963    .text._ZN6SpiBus3LsbEv  spibus.o
    0x080037be   0x080037be   0x00000002   PAD
    0x080037c0   0x080037c0   0x00000002   Code   RO          961    .text._ZN6SpiBus3MsbEv  spibus.o
    0x080037c2   0x080037c2   0x00000002   PAD
    0x080037c4   0x080037c4   0x00000002   Code   RO          959    .text._ZN6SpiBus4ModoEh  spibus.o
    0x080037c6   0x080037c6   0x00000002   PAD
    0x080037c8   0x080037c8   0x00000002   Code   RO          955    .text._ZN6SpiBus7IniciarEhhhj  spibus.o
    0x080037ca   0x080037ca   0x00000002   PAD
    0x080037cc   0x080037cc   0x00000002   Code   RO          957    .text._ZN6SpiBus7IniciarEhhhjbb  spibus.o
    0x080037ce   0x080037ce   0x00000002   PAD
    0x080037d0   0x080037d0   0x00000002   Code   RO          953    .text._ZN6SpiBus7IniciarEj  spibus.o
    0x080037d2   0x080037d2   0x00000002   PAD
    0x080037d4   0x080037d4   0x00000002   Code   RO          951    .text._ZN6SpiBus7IniciarEv  spibus.o
    0x080037d6   0x080037d6   0x00000002   PAD
    0x080037d8   0x080037d8   0x00000000   Code   RO          965    .text._ZN6SpiBus8TxRxDatoEh  spibus.o
    0x080037d8   0x080037d8   0x0000000e   Code   RO          949    .text._ZN6SpiBusC2Ev  spibus.o
    0x080037e6   0x080037e6   0x00000002   PAD
    0x080037e8   0x080037e8   0x00000000   Code   RO          967    .text._ZN6SpiBusaSEh  spibus.o
    0x080037e8   0x080037e8   0x00000000   Code   RO          969    .text._ZN6SpiBuscvhEv  spibus.o
    0x080037e8   0x080037e8   0x00000028   Code   RO         1016    .text._ZN7Teclado10SetBusPortEP3BusS1_  teclado.o
    0x08003810   0x08003810   0x00000090   Code   RO         1018    .text._ZN7Teclado8GetTeclaEv  teclado.o
    0x080038a0   0x080038a0   0x00000010   Code   RO         1020    .text._ZN7Teclado9WaitTeclaEv  teclado.o
    0x080038b0   0x080038b0   0x00000002   Code   RO         1014    .text._ZN7TecladoC2Ev  teclado.o
    0x080038b2   0x080038b2   0x00000002   PAD
    0x080038b4   0x080038b4   0x00000100   Code   RO          495    .text._ZN9Nokia511011IniciarGLCDEiii  nokia5110.o
    0x080039b4   0x080039b4   0x0000000a   Code   RO          493    .text._ZN9Nokia511011IniciarGLCDEv  nokia5110.o
    0x080039be   0x080039be   0x00000002   PAD
    0x080039c0   0x080039c0   0x0000000e   Code   RO          499    .text._ZN9Nokia511014BorrarPantallaEv  nokia5110.o
    0x080039ce   0x080039ce   0x00000002   PAD
    0x080039d0   0x080039d0   0x00000042   Code   RO          511    .text._ZN9Nokia51105PixelEii  nokia5110.o
    0x08003a12   0x08003a12   0x00000002   PAD
    0x08003a14   0x08003a14   0x00000030   Code   RO          513    .text._ZN9Nokia51106LineaXEiii  nokia5110.o
    0x08003a44   0x08003a44   0x00000030   Code   RO          515    .text._ZN9Nokia51106LineaYEiii  nokia5110.o
    0x08003a74   0x08003a74   0x00000004   Code   RO          491    .text._ZN9Nokia51106SetSpiEP6SpiBus  nokia5110.o
    0x08003a78   0x08003a78   0x00000086   Code   RO          505    .text._ZN9Nokia51109RefrescarEv  nokia5110.o
    0x08003afe   0x08003afe   0x00000002   PAD
    0x08003b00   0x08003b00   0x00000048   Code   RO          489    .text._ZN9Nokia5110C2Ev  nokia5110.o
    0x08003b48   0x08003b48   0x0000000c   Code   RO         3661    .text._ZSt15get_new_handlerv  libcppabi_w.l(cxa_handlers.cpp.o)
    0x08003b54   0x08003b54   0x00000004   Code   RO         3359    .text._ZdlPv        libcpp_w.l(new.cpp.o)
    0x08003b58   0x08003b58   0x00000004   Code   RO         3355    .text._Znaj         libcpp_w.l(new.cpp.o)
    0x08003b5c   0x08003b5c   0x00000026   Code   RO         3351    .text._Znwj         libcpp_w.l(new.cpp.o)
    0x08003b82   0x08003b82   0x00000002   PAD
    0x08003b84   0x08003b84   0x00000012   Code   RO         1937    .text.__osSignalWait  rtx_conf_cm.o
    0x08003b96   0x08003b96   0x00000002   PAD
    0x08003b98   0x08003b98   0x0000003e   Code   RO         1929    .text.__user_perthread_libspace  rtx_conf_cm.o
    0x08003bd6   0x08003bd6   0x00000002   PAD
    0x08003bd8   0x08003bd8   0x00000022   Code   RO         1933    .text._mutex_acquire  rtx_conf_cm.o
    0x08003bfa   0x08003bfa   0x00000002   PAD
    0x08003bfc   0x08003bfc   0x00000030   Code   RO         1931    .text._mutex_initialize  rtx_conf_cm.o
    0x08003c2c   0x08003c2c   0x0000001e   Code   RO         1935    .text._mutex_release  rtx_conf_cm.o
    0x08003c4a   0x08003c4a   0x00000002   PAD
    0x08003c4c   0x08003c4c   0x0000001a   Code   RO         1943    .text._platform_post_lib_init  rtx_conf_cm.o
    0x08003c66   0x08003c66   0x00000002   PAD
    0x08003c68   0x08003c68   0x00000198   Code   RO         1470    .text.main          main.o
    0x08003e00   0x08003e00   0x00000002   Code   RO         1927    .text.os_error      rtx_conf_cm.o
    0x08003e02   0x08003e02   0x00000002   PAD
    0x08003e04   0x08003e04   0x00000002   Code   RO         1925    .text.os_idle_demon  rtx_conf_cm.o
    0x08003e06   0x08003e06   0x00000002   PAD
    0x08003e08   0x08003e08   0x00000004   Code   RO         3223    SVC_TABLE           RTX_CM4.lib(svc_table.o)
    0x08003e0c   0x08003e0c   0x00000030   Code   RO         3694    i.__ARM_fpclassify  m_wm.l(fpclassify.o)
    0x08003e3c   0x08003e3c   0x00000004   PAD
    0x08003e40   0x08003e40   0x000000c8   Code   RO         3406    i.__hardfp_cos      m_wm.l(cos.o)
    0x08003f08   0x08003f08   0x00000358   Code   RO         3412    i.__hardfp_exp      m_wm.l(exp.o)
    0x08004260   0x08004260   0x000003c4   Code   RO         3419    i.__hardfp_log      m_wm.l(log.o)
    0x08004624   0x08004624   0x0000007a   Code   RO         3446    i.__hardfp_sqrt     m_wm.l(sqrt.o)
    0x0800469e   0x0800469e   0x0000003a   Code   RO         3452    i.__hardfp_sqrtf    m_wm.l(sqrtf.o)
    0x080046d8   0x080046d8   0x00000438   Code   RO         3715    i.__ieee754_rem_pio2  m_wm.l(rred.o)
    0x08004b10   0x08004b10   0x00000170   Code   RO         3671    i.__kernel_cos      m_wm.l(cos_i.o)
    0x08004c80   0x08004c80   0x000000f8   Code   RO         3712    i.__kernel_poly     m_wm.l(poly.o)
    0x08004d78   0x08004d78   0x00000130   Code   RO         3720    i.__kernel_sin      m_wm.l(sin_i.o)
    0x08004ea8   0x08004ea8   0x00000030   Code   RO         3674    i.__mathlib_dbl_divzero  m_wm.l(dunder.o)
    0x08004ed8   0x08004ed8   0x00000014   Code   RO         3675    i.__mathlib_dbl_infnan  m_wm.l(dunder.o)
    0x08004eec   0x08004eec   0x00000004   PAD
    0x08004ef0   0x08004ef0   0x00000020   Code   RO         3677    i.__mathlib_dbl_invalid  m_wm.l(dunder.o)
    0x08004f10   0x08004f10   0x00000020   Code   RO         3678    i.__mathlib_dbl_overflow  m_wm.l(dunder.o)
    0x08004f30   0x08004f30   0x00000020   Code   RO         3680    i.__mathlib_dbl_underflow  m_wm.l(dunder.o)
    0x08004f50   0x08004f50   0x00000046   Code   RO         3107    i._init_box         RTX_CM4.lib(rt_membox.o)
    0x08004f96   0x08004f96   0x00000002   PAD
    0x08004f98   0x08004f98   0x00000030   Code   RO         3160    i.dbg_init          RTX_CM4.lib(hal_cm.o)
    0x08004fc8   0x08004fc8   0x00000020   Code   RO         3161    i.dbg_task_notify   RTX_CM4.lib(hal_cm.o)
    0x08004fe8   0x08004fe8   0x00000010   Code   RO         3162    i.dbg_task_switch   RTX_CM4.lib(hal_cm.o)
    0x08004ff8   0x08004ff8   0x00000018   Code   RO         3690    i.fabs              m_wm.l(fabs.o)
    0x08005010   0x08005010   0x0000002a   Code   RO         2012    i.isrMessageGet     RTX_CM4.lib(rt_cmsis.o)
    0x0800503a   0x0800503a   0x0000002c   Code   RO         2013    i.isrMessagePut     RTX_CM4.lib(rt_cmsis.o)
    0x08005066   0x08005066   0x00000024   Code   RO         2015    i.isrSignalSet      RTX_CM4.lib(rt_cmsis.o)
    0x0800508a   0x0800508a   0x00000002   PAD
    0x0800508c   0x0800508c   0x00000028   Code   RO         2844    i.isr_evt_set       RTX_CM4.lib(rt_event.o)
    0x080050b4   0x080050b4   0x00000056   Code   RO         2962    i.isr_mbx_receive   RTX_CM4.lib(rt_mailbox.o)
    0x0800510a   0x0800510a   0x0000000e   Code   RO         2963    i.isr_mbx_send      RTX_CM4.lib(rt_mailbox.o)
    0x08005118   0x08005118   0x00000024   Code   RO         2017    i.osKernelInitialize  RTX_CM4.lib(rt_cmsis.o)
    0x0800513c   0x0800513c   0x0000006c   Code   RO         2019    i.osKernelStart     RTX_CM4.lib(rt_cmsis.o)
    0x080051a8   0x080051a8   0x00000018   Code   RO         2028    i.osMessageGet      RTX_CM4.lib(rt_cmsis.o)
    0x080051c0   0x080051c0   0x00000018   Code   RO         2043    i.osSignalSet       RTX_CM4.lib(rt_cmsis.o)
    0x080051d8   0x080051d8   0x00000018   Code   RO         2044    i.osSignalWait      RTX_CM4.lib(rt_cmsis.o)
    0x080051f0   0x080051f0   0x0000002c   Code   RO         2045    i.osThreadCreate    RTX_CM4.lib(rt_cmsis.o)
    0x0800521c   0x0800521c   0x00000018   Code   RO         2046    i.osThreadExit      RTX_CM4.lib(rt_cmsis.o)
    0x08005234   0x08005234   0x0000000c   Code   RO         2052    i.osTimerCall       RTX_CM4.lib(rt_cmsis.o)
    0x08005240   0x08005240   0x0000002c   Code   RO         2057    i.osTimerThread     RTX_CM4.lib(rt_cmsis.o)
    0x0800526c   0x0800526c   0x00000028   Code   RO         2754    i.os_tick_init      RTX_CM4.lib(rt_system.o)
    0x08005294   0x08005294   0x00000002   Code   RO         2755    i.os_tick_irqack    RTX_CM4.lib(rt_system.o)
    0x08005296   0x08005296   0x0000001a   Code   RO         3108    i.rt_alloc_box      RTX_CM4.lib(rt_membox.o)
    0x080052b0   0x080052b0   0x0000003e   Code   RO         3136    i.rt_alloc_mem      RTX_CM4.lib(rt_memory.o)
    0x080052ee   0x080052ee   0x00000002   PAD
    0x080052f0   0x080052f0   0x00000038   Code   RO         2635    i.rt_block          RTX_CM4.lib(rt_task.o)
    0x08005328   0x08005328   0x00000048   Code   RO         3085    i.rt_chk_robin      RTX_CM4.lib(rt_robin.o)
    0x08005370   0x08005370   0x00000070   Code   RO         2886    i.rt_dec_dly        RTX_CM4.lib(rt_list.o)
    0x080053e0   0x080053e0   0x00000044   Code   RO         2636    i.rt_dispatch       RTX_CM4.lib(rt_task.o)
    0x08005424   0x08005424   0x00000050   Code   RO         2847    i.rt_evt_psh        RTX_CM4.lib(rt_event.o)
    0x08005474   0x08005474   0x0000005c   Code   RO         2848    i.rt_evt_set        RTX_CM4.lib(rt_event.o)
    0x080054d0   0x080054d0   0x0000003c   Code   RO         2849    i.rt_evt_wait       RTX_CM4.lib(rt_event.o)
    0x0800550c   0x0800550c   0x0000002c   Code   RO         3109    i.rt_free_box       RTX_CM4.lib(rt_membox.o)
    0x08005538   0x08005538   0x00000028   Code   RO         3137    i.rt_free_mem       RTX_CM4.lib(rt_memory.o)
    0x08005560   0x08005560   0x00000028   Code   RO         2887    i.rt_get_first      RTX_CM4.lib(rt_list.o)
    0x08005588   0x08005588   0x00000008   Code   RO         2062    i.rt_id2obj         RTX_CM4.lib(rt_cmsis.o)
    0x08005590   0x08005590   0x00000048   Code   RO         2637    i.rt_init_context   RTX_CM4.lib(rt_task.o)
    0x080055d8   0x080055d8   0x0000001a   Code   RO         3138    i.rt_init_mem       RTX_CM4.lib(rt_memory.o)
    0x080055f2   0x080055f2   0x00000002   PAD
    0x080055f4   0x080055f4   0x00000018   Code   RO         3086    i.rt_init_robin     RTX_CM4.lib(rt_robin.o)
    0x0800560c   0x0800560c   0x00000080   Code   RO         3163    i.rt_init_stack     RTX_CM4.lib(hal_cm.o)
    0x0800568c   0x0800568c   0x00000008   Code   RO         2964    i.rt_mbx_check      RTX_CM4.lib(rt_mailbox.o)
    0x08005694   0x08005694   0x0000001a   Code   RO         2965    i.rt_mbx_init       RTX_CM4.lib(rt_mailbox.o)
    0x080056ae   0x080056ae   0x00000002   PAD
    0x080056b0   0x080056b0   0x000000f0   Code   RO         2966    i.rt_mbx_psh        RTX_CM4.lib(rt_mailbox.o)
    0x080057a0   0x080057a0   0x000000b4   Code   RO         2968    i.rt_mbx_wait       RTX_CM4.lib(rt_mailbox.o)
    0x08005854   0x08005854   0x00000044   Code   RO         2063    i.rt_ms2tick        RTX_CM4.lib(rt_cmsis.o)
    0x08005898   0x08005898   0x00000010   Code   RO         2720    i.rt_mut_init       RTX_CM4.lib(rt_mutex.o)
    0x080058a8   0x080058a8   0x000000d8   Code   RO         2721    i.rt_mut_release    RTX_CM4.lib(rt_mutex.o)
    0x08005980   0x08005980   0x00000078   Code   RO         2722    i.rt_mut_wait       RTX_CM4.lib(rt_mutex.o)
    0x080059f8   0x080059f8   0x0000007c   Code   RO         2758    i.rt_pop_req        RTX_CM4.lib(rt_system.o)
    0x08005a74   0x08005a74   0x00000020   Code   RO         2759    i.rt_psh_req        RTX_CM4.lib(rt_system.o)
    0x08005a94   0x08005a94   0x0000005c   Code   RO         2889    i.rt_psq_enq        RTX_CM4.lib(rt_list.o)
    0x08005af0   0x08005af0   0x00000048   Code   RO         2890    i.rt_put_dly        RTX_CM4.lib(rt_list.o)
    0x08005b38   0x08005b38   0x00000036   Code   RO         2891    i.rt_put_prio       RTX_CM4.lib(rt_list.o)
    0x08005b6e   0x08005b6e   0x00000002   PAD
    0x08005b70   0x08005b70   0x00000014   Code   RO         2892    i.rt_put_rdy_first  RTX_CM4.lib(rt_list.o)
    0x08005b84   0x08005b84   0x00000034   Code   RO         2893    i.rt_resort_prio    RTX_CM4.lib(rt_list.o)
    0x08005bb8   0x08005bb8   0x00000010   Code   RO         3164    i.rt_ret_regs       RTX_CM4.lib(hal_cm.o)
    0x08005bc8   0x08005bc8   0x0000000c   Code   RO         3165    i.rt_ret_val        RTX_CM4.lib(hal_cm.o)
    0x08005bd4   0x08005bd4   0x00000010   Code   RO         3166    i.rt_ret_val2       RTX_CM4.lib(hal_cm.o)
    0x08005be4   0x08005be4   0x00000028   Code   RO         2894    i.rt_rmv_dly        RTX_CM4.lib(rt_list.o)
    0x08005c0c   0x08005c0c   0x00000030   Code   RO         2895    i.rt_rmv_list       RTX_CM4.lib(rt_list.o)
    0x08005c3c   0x08005c3c   0x00000034   Code   RO         3013    i.rt_sem_psh        RTX_CM4.lib(rt_semaphore.o)
    0x08005c70   0x08005c70   0x00000024   Code   RO         2761    i.rt_stk_check      RTX_CM4.lib(rt_system.o)
    0x08005c94   0x08005c94   0x00000028   Code   RO         2638    i.rt_switch_req     RTX_CM4.lib(rt_task.o)
    0x08005cbc   0x08005cbc   0x000000cc   Code   RO         2639    i.rt_sys_init       RTX_CM4.lib(rt_task.o)
    0x08005d88   0x08005d88   0x00000078   Code   RO         2640    i.rt_sys_start      RTX_CM4.lib(rt_task.o)
    0x08005e00   0x08005e00   0x00000040   Code   RO         2763    i.rt_systick        RTX_CM4.lib(rt_system.o)
    0x08005e40   0x08005e40   0x00000012   Code   RO         2064    i.rt_tid2ptcb       RTX_CM4.lib(rt_cmsis.o)
    0x08005e52   0x08005e52   0x00000002   PAD
    0x08005e54   0x08005e54   0x00000034   Code   RO         2065    i.rt_timer_insert   RTX_CM4.lib(rt_cmsis.o)
    0x08005e88   0x08005e88   0x00000088   Code   RO         2641    i.rt_tsk_create     RTX_CM4.lib(rt_task.o)
    0x08005f10   0x08005f10   0x0000017c   Code   RO         2642    i.rt_tsk_delete     RTX_CM4.lib(rt_task.o)
    0x0800608c   0x0800608c   0x0000007c   Code   RO         2644    i.rt_tsk_prio       RTX_CM4.lib(rt_task.o)
    0x08006108   0x08006108   0x00000010   Code   RO         2645    i.rt_tsk_self       RTX_CM4.lib(rt_task.o)
    0x08006118   0x08006118   0x00000070   Code   RO         2068    i.svcKernelInitialize  RTX_CM4.lib(rt_cmsis.o)
    0x08006188   0x08006188   0x00000048   Code   RO         2070    i.svcKernelStart    RTX_CM4.lib(rt_cmsis.o)
    0x080061d0   0x080061d0   0x00000024   Code   RO         2073    i.svcMessageCreate  RTX_CM4.lib(rt_cmsis.o)
    0x080061f4   0x080061f4   0x0000003a   Code   RO         2074    i.svcMessageGet     RTX_CM4.lib(rt_cmsis.o)
    0x0800622e   0x0800622e   0x00000024   Code   RO         2086    i.svcSignalSet      RTX_CM4.lib(rt_cmsis.o)
    0x08006252   0x08006252   0x00000002   PAD
    0x08006254   0x08006254   0x00000054   Code   RO         2087    i.svcSignalWait     RTX_CM4.lib(rt_cmsis.o)
    0x080062a8   0x080062a8   0x0000006c   Code   RO         2088    i.svcThreadCreate   RTX_CM4.lib(rt_cmsis.o)
    0x08006314   0x08006314   0x0000001c   Code   RO         2089    i.svcThreadGetId    RTX_CM4.lib(rt_cmsis.o)
    0x08006330   0x08006330   0x00000038   Code   RO         2092    i.svcThreadTerminate  RTX_CM4.lib(rt_cmsis.o)
    0x08006368   0x08006368   0x00000018   Code   RO         2094    i.svcTimerCall      RTX_CM4.lib(rt_cmsis.o)
    0x08006380   0x08006380   0x0000005c   Code   RO         2103    i.sysTimerTick      RTX_CM4.lib(rt_cmsis.o)
    0x080063dc   0x080063dc   0x0000002c   Code   RO         3819    locale$$code        c_w.l(lc_ctype_c.o)
    0x08006408   0x08006408   0x00000018   Code   RO         3623    x$fpl$basic         fz_wm.l(basic.o)
    0x08006420   0x08006420   0x00000062   Code   RO         3310    x$fpl$d2f           fz_wm.l(d2f.o)
    0x08006482   0x08006482   0x00000002   PAD
    0x08006484   0x08006484   0x00000150   Code   RO         3312    x$fpl$dadd          fz_wm.l(daddsub_clz.o)
    0x080065d4   0x080065d4   0x00000018   Code   RO         3833    x$fpl$dcmpinf       fz_wm.l(dcmpi.o)
    0x080065ec   0x080065ec   0x000002b4   Code   RO         3321    x$fpl$ddiv          fz_wm.l(ddiv.o)
    0x080068a0   0x080068a0   0x00000078   Code   RO         3625    x$fpl$deqf          fz_wm.l(deqf.o)
    0x08006918   0x08006918   0x0000005e   Code   RO         3324    x$fpl$dfix          fz_wm.l(dfix.o)
    0x08006976   0x08006976   0x00000002   PAD
    0x08006978   0x08006978   0x0000005a   Code   RO         3328    x$fpl$dfixu         fz_wm.l(dfixu.o)
    0x080069d2   0x080069d2   0x0000002e   Code   RO         3333    x$fpl$dflt          fz_wm.l(dflt_clz.o)
    0x08006a00   0x08006a00   0x00000026   Code   RO         3332    x$fpl$dfltu         fz_wm.l(dflt_clz.o)
    0x08006a26   0x08006a26   0x00000002   PAD
    0x08006a28   0x08006a28   0x00000078   Code   RO         3627    x$fpl$dgeqf         fz_wm.l(dgeqf.o)
    0x08006aa0   0x08006aa0   0x00000078   Code   RO         3629    x$fpl$dleqf         fz_wm.l(dleqf.o)
    0x08006b18   0x08006b18   0x00000154   Code   RO         3338    x$fpl$dmul          fz_wm.l(dmul.o)
    0x08006c6c   0x08006c6c   0x0000009c   Code   RO         3631    x$fpl$dnaninf       fz_wm.l(dnaninf.o)
    0x08006d08   0x08006d08   0x0000000c   Code   RO         3633    x$fpl$dretinf       fz_wm.l(dretinf.o)
    0x08006d14   0x08006d14   0x0000006c   Code   RO         3635    x$fpl$drleqf        fz_wm.l(drleqf.o)
    0x08006d80   0x08006d80   0x00000016   Code   RO         3313    x$fpl$drsb          fz_wm.l(daddsub_clz.o)
    0x08006d96   0x08006d96   0x00000002   PAD
    0x08006d98   0x08006d98   0x00000198   Code   RO         3637    x$fpl$dsqrt         fz_wm.l(dsqrt_umaal.o)
    0x08006f30   0x08006f30   0x000001dc   Code   RO         3314    x$fpl$dsub          fz_wm.l(daddsub_clz.o)
    0x0800710c   0x0800710c   0x00000056   Code   RO         3340    x$fpl$f2d           fz_wm.l(f2d.o)
    0x08007162   0x08007162   0x00000054   Code   RO         3318    x$fpl$fcmp          fz_wm.l(dcmp.o)
    0x080071b6   0x080071b6   0x0000008c   Code   RO         3639    x$fpl$fnaninf       fz_wm.l(fnaninf.o)
    0x08007242   0x08007242   0x0000001a   Code   RO         3835    x$fpl$fpinit        fz_wm.l(fpinit.o)
    0x0800725c   0x0800725c   0x0000000a   Code   RO         3641    x$fpl$fretinf       fz_wm.l(fretinf.o)
    0x08007266   0x08007266   0x00000000   Code   RO         3647    x$fpl$usenofp       fz_wm.l(usenofp.o)
    0x08007266   0x08007266   0x00000002   PAD
    0x08007268   0x08007268   0x00000058   Data   RO         3415    .constdata          m_wm.l(exp.o)
    0x080072c0   0x080072c0   0x00000038   Data   RO         3422    .constdata          m_wm.l(log.o)
    0x080072f8   0x080072f8   0x00000030   Data   RO         3672    .constdata          m_wm.l(cos_i.o)
    0x08007328   0x08007328   0x00000008   Data   RO         3714    .constdata          m_wm.l(qnan.o)
    0x08007330   0x08007330   0x000000cc   Data   RO         3717    .constdata          m_wm.l(rred.o)
    0x080073fc   0x080073fc   0x00000004   PAD
    0x08007400   0x08007400   0x00000028   Data   RO         3721    .constdata          m_wm.l(sin_i.o)
    0x08007428   0x08007428   0x00000010   Data   RO         2000    .rodata.AHBPrescTable  system_stm32f4xx.o
    0x08007438   0x08007438   0x00000004   Data   RO         1953    .rodata.CMSIS_RTOS_API_Version  rtx_conf_cm.o
    0x0800743c   0x0800743c   0x00000004   Data   RO         1954    .rodata.CMSIS_RTOS_RTX_Version  rtx_conf_cm.o
    0x08007440   0x08007440   0x00000242   Data   RO          333    .rodata._ZL6Lcd5x7  glcd.o
    0x08007682   0x08007682   0x00000002   PAD
    0x08007684   0x08007684   0x00000080   Data   RO          334    .rodata._ZL9BitsValue  glcd.o
    0x08007704   0x08007704   0x00000080   Data   RO          520    .rodata._ZL9BitsValue  nokia5110.o
    0x08007784   0x08007784   0x00000010   Data   RO         1112    .rodata._ZTV3Bit    bit.o
    0x08007794   0x08007794   0x00000028   Data   RO           96    .rodata._ZTV3Bus    bus.o
    0x080077bc   0x080077bc   0x00000010   Data   RO         1205    .rodata._ZTV3Pin    pin.o
    0x080077cc   0x080077cc   0x00000030   Data   RO          940    .rodata._ZTV3Spi    spi.o
    0x080077fc   0x080077fc   0x0000001c   Data   RO          332    .rodata._ZTV4GLcd   glcd.o
    0x08007818   0x08007818   0x00000028   Data   RO          838    .rodata._ZTV4Port   port.o
    0x08007840   0x08007840   0x00000030   Data   RO          971    .rodata._ZTV6SpiBus  spibus.o
    0x08007870   0x08007870   0x0000001c   Data   RO          519    .rodata._ZTV9Nokia5110  nokia5110.o
    0x0800788c   0x0800788c   0x00000004   Data   RO         1958    .rodata.mp_stk_size  rtx_conf_cm.o
    0x08007890   0x08007890   0x00000002   Data   RO         1957    .rodata.mp_tcb_size  rtx_conf_cm.o
    0x08007892   0x08007892   0x00000002   Data   RO         1966    .rodata.mp_tmr_size  rtx_conf_cm.o
    0x08007894   0x08007894   0x00000004   Data   RO         1955    .rodata.os_clockrate  rtx_conf_cm.o
    0x08007898   0x08007898   0x00000001   Data   RO         1960    .rodata.os_fifo_size  rtx_conf_cm.o
    0x08007899   0x08007899   0x00000001   Data   RO         1952    .rodata.os_flags    rtx_conf_cm.o
    0x0800789a   0x0800789a   0x00000002   Data   RO         1945    .rodata.os_maxtaskrun  rtx_conf_cm.o
    0x0800789c   0x0800789c   0x00000008   Data   RO         1963    .rodata.os_messageQ_def_osTimerMessageQ  rtx_conf_cm.o
    0x080078a4   0x080078a4   0x00000004   Data   RO         1947    .rodata.os_rrobin   rtx_conf_cm.o
    0x080078a8   0x080078a8   0x00000004   Data   RO         1959    .rodata.os_stack_sz  rtx_conf_cm.o
    0x080078ac   0x080078ac   0x00000004   Data   RO         1946    .rodata.os_stackinfo  rtx_conf_cm.o
    0x080078b0   0x080078b0   0x00000010   Data   RO         1970    .rodata.os_thread_def_main  rtx_conf_cm.o
    0x080078c0   0x080078c0   0x00000010   Data   RO         1961    .rodata.os_thread_def_osTimerThread  rtx_conf_cm.o
    0x080078d0   0x080078d0   0x00000004   Data   RO         1956    .rodata.os_timernum  rtx_conf_cm.o
    0x080078d4   0x080078d4   0x00000004   Data   RO         1951    .rodata.os_trv      rtx_conf_cm.o
    0x080078d8   0x080078d8   0x0000005f   Data   RO         1510    .rodata.str1.1      main.o
    0x08007937   0x08007937   0x00000001   PAD
    0x08007938   0x08007938   0x00000020   Data   RO         3978    Region$$Table       anon$$obj.o
    0x08007958   0x08007958   0x00000110   Data   RO         3818    locale$$data        c_w.l(lc_ctype_c.o)
    0x08007a68   0x08007a68   0x00000004   Data   RO         1513    .init_array         main.o
    0x08007a6c   0x08007a68   0x00000000   Data   RO         3305    .init_array         c_w.l(init_aeabi.o)


    Execution Region ER_RW (Exec base: 0x20000000, Load base: 0x08007a6c, Size: 0x000000ac, Max: 0xffffffff, ABSOLUTE)

    Exec Addr    Load Addr    Size         Type   Attr      Idx    E Section Name        Object

    0x20000000   0x08007a6c   0x00000004   Data   RW         1514    .ARM.use_no_argv    main.o
    0x20000004   0x08007a70   0x00000008   Data   RW         2106    .data               RTX_CM4.lib(rt_cmsis.o)
    0x2000000c   0x08007a78   0x00000008   Data   RW         2647    .data               RTX_CM4.lib(rt_task.o)
    0x20000014   0x08007a80   0x00000008   Data   RW         2766    .data               RTX_CM4.lib(rt_system.o)
    0x2000001c   0x08007a88   0x00000004   Data   RW         3056    .data               RTX_CM4.lib(rt_time.o)
    0x20000020   0x08007a8c   0x00000008   Data   RW         3087    .data               RTX_CM4.lib(rt_robin.o)
    0x20000028   0x08007a94   0x00000001   Data   RW         3167    .data               RTX_CM4.lib(hal_cm.o)
    0x20000029   0x08007a95   0x00000011   Data   RW         1487    .data.Dec           main.o
    0x2000003a   0x08007aa6   0x00000002   PAD
    0x2000003c   0x08007aa8   0x00000004   Data   RW         1999    .data.SystemCoreClock  system_stm32f4xx.o
    0x20000040   0x08007aac   0x00000032   Data   RW         1484    .data.Text1         main.o
    0x20000072   0x08007ade   0x00000032   Data   RW         1485    .data.Text2         main.o
    0x200000a4   0x08007b10   0x00000001   Data   RW         1501    .data.estadoActual  main.o
    0x200000a5   0x08007b11   0x00000003   PAD
    0x200000a8   0x08007b14   0x00000004   Data   RW         1507    .data.velocidad     main.o


    Execution Region ER_ZI (Exec base: 0x200000b0, Load base: 0x08007b18, Size: 0x000081c8, Max: 0xffffffff, ABSOLUTE)

    Exec Addr    Load Addr    Size         Type   Attr      Idx    E Section Name        Object

    0x200000b0        -       0x00000034   Zero   RW         2646    .bss                RTX_CM4.lib(rt_task.o)
    0x200000e4        -       0x00000030   Zero   RW         2896    .bss                RTX_CM4.lib(rt_list.o)
    0x20000114        -       0x00000060   Zero   RW         3229    .bss                c_w.l(libspace.o)
    0x20000174        -       0x00000014   Zero   RW         1476    .bss.C              main.o
    0x20000188        -       0x00000018   Zero   RW         1499    .bss.CE             main.o
    0x200001a0        -       0x00000018   Zero   RW         1497    .bss.DC             main.o
    0x200001b8        -       0x00000014   Zero   RW         1475    .bss.F              main.o
    0x200001cc        -       0x00000004   Zero   RW         1264    .bss.FunAlarA       rtc.o
    0x200001d0        -       0x00000004   Zero   RW         1265    .bss.FunAlarB       rtc.o
    0x200001d4        -       0x00000004   Zero   RW         1189    .bss.FunExti0       pin.o
    0x200001d8        -       0x00000004   Zero   RW         1190    .bss.FunExti1       pin.o
    0x200001dc        -       0x00000004   Zero   RW         1199    .bss.FunExti10      pin.o
    0x200001e0        -       0x00000004   Zero   RW         1200    .bss.FunExti11      pin.o
    0x200001e4        -       0x00000004   Zero   RW         1201    .bss.FunExti12      pin.o
    0x200001e8        -       0x00000004   Zero   RW         1202    .bss.FunExti13      pin.o
    0x200001ec        -       0x00000004   Zero   RW         1203    .bss.FunExti14      pin.o
    0x200001f0        -       0x00000004   Zero   RW         1204    .bss.FunExti15      pin.o
    0x200001f4        -       0x00000004   Zero   RW         1191    .bss.FunExti2       pin.o
    0x200001f8        -       0x00000004   Zero   RW         1192    .bss.FunExti3       pin.o
    0x200001fc        -       0x00000004   Zero   RW         1193    .bss.FunExti4       pin.o
    0x20000200        -       0x00000004   Zero   RW         1194    .bss.FunExti5       pin.o
    0x20000204        -       0x00000004   Zero   RW         1195    .bss.FunExti6       pin.o
    0x20000208        -       0x00000004   Zero   RW         1196    .bss.FunExti7       pin.o
    0x2000020c        -       0x00000004   Zero   RW         1197    .bss.FunExti8       pin.o
    0x20000210        -       0x00000004   Zero   RW         1198    .bss.FunExti9       pin.o
    0x20000214        -       0x00000004   Zero   RW          659    .bss.FunI2C1        i2c.o
    0x20000218        -       0x00000004   Zero   RW          665    .bss.FunI2C1f       i2c.o
    0x2000021c        -       0x00000004   Zero   RW          662    .bss.FunI2C1i       i2c.o
    0x20000220        -       0x00000004   Zero   RW          660    .bss.FunI2C2        i2c.o
    0x20000224        -       0x00000004   Zero   RW          666    .bss.FunI2C2f       i2c.o
    0x20000228        -       0x00000004   Zero   RW          663    .bss.FunI2C2i       i2c.o
    0x2000022c        -       0x00000004   Zero   RW          661    .bss.FunI2C3        i2c.o
    0x20000230        -       0x00000004   Zero   RW          667    .bss.FunI2C3f       i2c.o
    0x20000234        -       0x00000004   Zero   RW          664    .bss.FunI2C3i       i2c.o
    0x20000238        -       0x00000004   Zero   RW         1437    .bss.FunTim10       timer.o
    0x2000023c        -       0x00000004   Zero   RW         1438    .bss.FunTim11       timer.o
    0x20000240        -       0x00000004   Zero   RW         1430    .bss.FunTim2        timer.o
    0x20000244        -       0x00000004   Zero   RW         1431    .bss.FunTim3        timer.o
    0x20000248        -       0x00000004   Zero   RW         1432    .bss.FunTim4        timer.o
    0x2000024c        -       0x00000004   Zero   RW         1433    .bss.FunTim5        timer.o
    0x20000250        -       0x00000004   Zero   RW         1436    .bss.FunTim9        timer.o
    0x20000254        -       0x00000004   Zero   RW         1070    .bss.FunUsart1      usart.o
    0x20000258        -       0x00000004   Zero   RW         1071    .bss.FunUsart2      usart.o
    0x2000025c        -       0x00000004   Zero   RW         1075    .bss.FunUsart6      usart.o
    0x20000260        -       0x00000004   Zero   RW         1506    .bss.MP             main.o
    0x20000264        -       0x0000029c   Zero   RW         1495    .bss.Nokia          main.o
    0x20000500        -       0x00000018   Zero   RW         1500    .bss.PinMotor       main.o
    0x20000518        -       0x00000001   Zero   RW         1477    .bss.R              main.o
    0x20000519        -       0x00000001   Zero   RW         1478    .bss.R2             main.o
    0x2000051a   0x08007b18   0x00000002   PAD
    0x2000051c        -       0x00000018   Zero   RW         1498    .bss.RST            main.o
    0x20000534        -       0x00000050   Zero   RW         1496    .bss.S              main.o
    0x20000584        -       0x0000000c   Zero   RW         1494    .bss.T              main.o
    0x20000590        -       0x00000004   Zero   RW         1511    .bss.Tarea1ID       main.o
    0x20000594        -       0x00000004   Zero   RW         1512    .bss.Tarea2ID       main.o
    0x20000598        -       0x00000008   Zero   RW         1474    .bss.Te             main.o
    0x200005a0        -       0x00000001   Zero   RW         1504    .bss.TipoControl    main.o
    0x200005a1        -       0x00000001   Zero   RW          658    .bss._Dato_         i2c.o
    0x200005a2   0x08007b18   0x00000002   PAD
    0x200005a4        -       0x00000004   Zero   RW          657    .bss._Dummy_        i2c.o
    0x200005a8        -       0x00000004   Zero   RW         3850    .bss.__cxa_new_handler  libcppabi_w.l(cxa_default_handlers.cpp.o)
    0x200005ac        -       0x00000001   Zero   RW         1481    .bss.allowInput     main.o
    0x200005ad   0x08007b18   0x00000003   PAD
    0x200005b0        -       0x00000004   Zero   RW         1480    .bss.i              main.o
    0x200005b4        -       0x00000004   Zero   RW         1965    .bss.m_tmr          rtx_conf_cm.o
    0x200005b8        -       0x00006010   Zero   RW         1972    .bss.mp_stk         rtx_conf_cm.o
    0x200065c8        -       0x00000178   Zero   RW         1971    .bss.mp_tcb         rtx_conf_cm.o
    0x20006740        -       0x00000004   Zero   RW         1479    .bss.n              main.o
    0x20006744        -       0x00000004   Zero   RW         1968    .bss.nr_mutex       rtx_conf_cm.o
    0x20006748        -       0x00000004   Zero   RW         1977    .bss.osMessageQId_osTimerMessageQ  rtx_conf_cm.o
    0x2000674c        -       0x00000004   Zero   RW         1976    .bss.osThreadId_osTimerThread  rtx_conf_cm.o
    0x20006750        -       0x0000001c   Zero   RW         1975    .bss.os_active_TCB  rtx_conf_cm.o
    0x2000676c        -       0x00000084   Zero   RW         1974    .bss.os_fifo        rtx_conf_cm.o
    0x200067f0        -       0x00000020   Zero   RW         1962    .bss.os_messageQ_q_osTimerMessageQ  rtx_conf_cm.o
    0x20006810        -       0x000010e8   Zero   RW         1973    .bss.os_stack_mem   rtx_conf_cm.o
    0x200078f8        -       0x00000020   Zero   RW         1912    .bss.rtDW           control_motor.o
    0x20007918        -       0x00000028   Zero   RW         1913    .bss.rtU            control_motor.o
    0x20007940        -       0x00000008   Zero   RW         1914    .bss.rtY            control_motor.o
    0x20007948        -       0x00000004   Zero   RW         1509    .bss.sensor         main.o
    0x2000794c        -       0x00000080   Zero   RW         1969    .bss.std_libmutex   rtx_conf_cm.o
    0x200079cc        -       0x000002a0   Zero   RW         1967    .bss.std_libspace   rtx_conf_cm.o
    0x20007c6c        -       0x00000004   Zero   RW         1505    .bss.ts             main.o
    0x20007c70        -       0x00000004   Zero   RW         1502    .bss.x_grafica      main.o
    0x20007c74   0x08007b18   0x00000004   PAD
    0x20007c78        -       0x00000200   Zero   RW         1986    HEAP                startup_stm32f401xe.o
    0x20007e78        -       0x00000400   Zero   RW         1985    STACK               startup_stm32f401xe.o


==============================================================================

Image component sizes


      Code (inc. data)   RO Data    RW Data    ZI Data      Debug   Object Name

        26          0         16          0          0       3739   bit.o
       240          0         40          0          0       6807   bus.o
      1506        176          0          0         80      14021   control_motor.o
       200         16          0          0          0      19384   delay.o
       324          0        734          0          0      40932   glcd.o
       312          0          0          0         41      27720   i2c.o
      3306        214         99        126        940      26105   main.o
       652          0        156          0          0      23673   nokia5110.o
      1344         78         16          0         64      31667   pin.o
      1072          0         40          0          0      24475   port.o
        96          0          0          0          8      32059   rtc.o
       222          0         84          0      30304       5717   rtx_conf_cm.o
       948        120         48          0          0      22876   spi.o
        28          0         48          0          0       2279   spibus.o
        64         26        404          0       1536        960   startup_stm32f401xe.o
       152          0         16          4          0       2984   system_stm32f4xx.o
       202          0          0          0          0      19025   teclado.o
      1104         94          0          0         28      27765   timer.o
       126          0          0          0         12      27858   usart.o

    ----------------------------------------------------------------------
     12064        728       1736        135      33024     360046   Object Totals
         0          0         32          0          0          0   (incl. Generated)
       140          4          3          5         11          0   (incl. Padding)

    ----------------------------------------------------------------------

      Code (inc. data)   RO Data    RW Data    ZI Data      Debug   Library Member Name

       268         24          0          1          0       4440   hal_cm.o
       408         34          0          0          0        812   hal_cm4.o
      1314        154          0          8          0      39821   rt_cmsis.o
       272         18          0          0          0       2798   rt_event.o
       530         34          0          0         48       8589   rt_list.o
       554         10          0          0          0       4177   rt_mailbox.o
       140          0          0          0          0       2033   rt_membox.o
       128          0          0          0          0       2411   rt_memory.o
       352         14          0          0          0       2217   rt_mutex.o
        96         22          0          8          0       1230   rt_robin.o
        52          4          0          0          0        613   rt_semaphore.o
       298         52          0          8          0       6427   rt_system.o
      1216        174          0          8         52      10017   rt_task.o
         0          0          0          4          0        206   rt_time.o
         4          4          0          0          0        196   svc_table.o
        60          8          0          0          0         84   __0sscanf.o
         8          0          0          0          0         68   __main.o
         0          0          0          0          0          0   __rtentry.o
        20          0          0          0          0          0   __rtentry2.o
         6          0          0          0          0          0   __rtentry4.o
        94          8          0          0          0          0   __scatter.o
        26          0          0          0          0          0   __scatter_copy.o
        28          0          0          0          0          0   __scatter_zi.o
        28          0          0          0          0         68   _chval.o
        22          0          0          0          0        100   _rserrno.o
       884          6          0          0          0        100   _scanf.o
       332          0          0          0          0         96   _scanf_int.o
        64          0          0          0          0         84   _sgetc.o
        46          0          0          0          0         84   aeabi_atexit.o
        10          0          0          0          0         68   cxa_atexit.o
        66          0          0          0          0         84   cxa_finalize.o
        10          0          0          0          0         68   defsig_exit.o
        50          0          0          0          0         88   defsig_general.o
        80         58          0          0          0         76   defsig_rtmem_inner.o
        14          0          0          0          0         80   defsig_rtmem_outer.o
        18          0          0          0          0         80   exit.o
       166          0          0          0          0        144   h1_alloc_threads.o
        82          0          0          0          0        104   h1_extend_threads.o
       118          0          0          0          0        108   h1_free_threads.o
        18          0          0          0          0         84   h1_init_threads.o
         6          0          0          0          0        152   heapauxi.o
         4          0          0          0          0        136   hguard.o
         0          0          0          0          0          0   indicate_semi.o
        44          8          0          0          0         80   init_aeabi.o
       138          0          0          0          0        168   init_alloc.o
        18          0          0          0          0         76   isspace.o
        44         10        272          0          0         76   lc_ctype_c.o
         2          0          0          0          0          0   libinit.o
        36          0          0          0          0          0   libinit2.o
         2          0          0          0          0          0   libshutdown.o
         8          0          0          0          0          0   libshutdown2.o
         8          4          0          0         96         68   libspace.o
         0          0          0          0          0          0   maybetermalloc1.o
        16          4          0          0          0         76   rt_ctype_table.o
        10          0          0          0          0         76   rt_ddtor_pointer_addr_twolibspace.o
         4          0          0          0          0         68   rt_errno_addr_twolibspace.o
        10          0          0          0          0         76   rt_heap_descriptor_twolibspace.o
        10          0          0          0          0         76   rt_locale_twolibspace.o
        78          0          0          0          0         80   rt_memclr_w.o
         2          0          0          0          0          0   rtexit.o
        10          0          0          0          0          0   rtexit2.o
        44          8          0          0          0         84   scanf_char.o
       124          0          0          0          0         88   strcmpv7em.o
        12          4          0          0          0         68   sys_exit.o
        74          0          0          0          0         80   sys_stackheap_outer.o
        14          0          0          0          0         76   sys_wrch.o
         2          0          0          0          0         68   use_no_semi.o
        24          0          0          0          0        164   basic.o
        98          4          0          0          0        140   d2f.o
       834         16          0          0          0        516   daddsub_clz.o
        84          0          0          0          0        244   dcmp.o
        24          0          0          0          0        116   dcmpi.o
       692        140          0          0          0        264   ddiv.o
       120          4          0          0          0        140   deqf.o
        94          4          0          0          0        140   dfix.o
        90          4          0          0          0        140   dfixu.o
        84          0          0          0          0        232   dflt_clz.o
       120          4          0          0          0        140   dgeqf.o
       120          4          0          0          0        140   dleqf.o
       340         12          0          0          0        152   dmul.o
       156          4          0          0          0        140   dnaninf.o
        12          0          0          0          0        116   dretinf.o
       108          0          0          0          0        128   drleqf.o
       408         56          0          0          0        168   dsqrt_umaal.o
        86          4          0          0          0        132   f2d.o
       140          4          0          0          0        132   fnaninf.o
        26          0          0          0          0        116   fpinit.o
        10          0          0          0          0        116   fretinf.o
         0          0          0          0          0          0   usenofp.o
        46          0          0          0          0        364   new.cpp.o
         0          0          0          0          4          0   cxa_default_handlers.cpp.o
        12          0          0          0          0        132   cxa_handlers.cpp.o
       200         20          0          0          0        164   cos.o
       368         46         48          0          0        200   cos_i.o
       164         44          0          0          0        620   dunder.o
       856        142         88          0          0        288   exp.o
        24          0          0          0          0        124   fabs.o
        48          0          0          0          0        124   fpclassify.o
       964         92         56          0          0        316   log.o
       248          0          0          0          0        152   poly.o
         0          0          8          0          0          0   qnan.o
      1080        142        204          0          0        188   rred.o
       304         24         40          0          0        208   sin_i.o
       122          0          0          0          0        148   sqrt.o
        58          0          0          0          0        136   sqrtf.o

    ----------------------------------------------------------------------
     16820       1432        720         37        200      96067   Library Totals
        54          0          4          0          0          0   (incl. Padding)

    ----------------------------------------------------------------------

      Code (inc. data)   RO Data    RW Data    ZI Data      Debug   Library Name

      5632        544          0         37        100      85987   RTX_CM4.lib
      2970        118        272          0         96       3340   c_w.l
      3670        260          0          0          0       3576   fz_wm.l
        46          0          0          0          0        364   libcpp_w.l
        12          0          0          0          4        132   libcppabi_w.l
      4436        510        444          0          0       2668   m_wm.l

    ----------------------------------------------------------------------
     16820       1432        720         37        200      96067   Library Totals

    ----------------------------------------------------------------------

==============================================================================


      Code (inc. data)   RO Data    RW Data    ZI Data      Debug   

     28884       2160       2456        172      33224     442481   Grand Totals
     28884       2160       2456        172      33224     442481   ELF Image Totals
     28884       2160       2456        172          0          0   ROM Totals

==============================================================================

    Total RO  Size (Code + RO Data)                31340 (  30.61kB)
    Total RW  Size (RW Data + ZI Data)             33396 (  32.61kB)
    Total ROM Size (Code + RO Data + RW Data)      31512 (  30.77kB)

==============================================================================

